Component: ARM Compiler 5.05 update 1 (build 106) Tool: armlink [4d0efa]

==============================================================================

Section Cross References

    main.o(i.main) refers to delay.o(i.delay_init) for delay_init
    main.o(i.main) refers to system_stm32f10x.o(i.SystemInit) for SystemInit
    main.o(i.main) refers to misc.o(i.NVIC_PriorityGroupConfig) for NVIC_PriorityGroupConfig
    main.o(i.main) refers to oled_i2c.o(i.I2C_Configuration) for I2C_Configuration
    main.o(i.main) refers to oled_i2c.o(i.OLED_Init) for OLED_Init
    main.o(i.main) refers to noretval__2printf.o(.text) for __2printf
    main.o(i.main) refers to delay.o(i.delay_ms) for delay_ms
    main.o(i.main) refers to sdio_sdcard.o(i.SD_Init) for SD_Init
    main.o(i.main) refers to exfuns.o(i.exfuns_init) for exfuns_init
    main.o(i.main) refers to ff.o(i.f_mount) for f_mount
    main.o(i.main) refers to ff.o(i.f_open) for f_open
    main.o(i.main) refers to oled_i2c.o(i.OLED_Fill) for OLED_Fill
    main.o(i.main) refers to ff.o(i.f_read) for f_read
    main.o(i.main) refers to oled_i2c.o(i.OLED_DrawBMP) for OLED_DrawBMP
    main.o(i.main) refers to exfuns.o(.data) for fs
    main.o(i.main) refers to main.o(.bss) for fil
    main.o(i.main) refers to main.o(.data) for res
    delay.o(i.delay_init) refers to delay.o(.data) for fac_us
    delay.o(i.delay_ms) refers to delay.o(.data) for fac_ms
    delay.o(i.delay_us) refers to delay.o(.data) for fac_us
    led.o(i.LED_Init) refers to stm32f10x_rcc.o(i.RCC_APB2PeriphClockCmd) for RCC_APB2PeriphClockCmd
    led.o(i.LED_Init) refers to stm32f10x_gpio.o(i.GPIO_Init) for GPIO_Init
    led.o(i.LED_Init) refers to stm32f10x_gpio.o(i.GPIO_SetBits) for GPIO_SetBits
    oled_i2c.o(i.I2C_Configuration) refers to stm32f10x_rcc.o(i.RCC_APB1PeriphClockCmd) for RCC_APB1PeriphClockCmd
    oled_i2c.o(i.I2C_Configuration) refers to stm32f10x_rcc.o(i.RCC_APB2PeriphClockCmd) for RCC_APB2PeriphClockCmd
    oled_i2c.o(i.I2C_Configuration) refers to stm32f10x_gpio.o(i.GPIO_Init) for GPIO_Init
    oled_i2c.o(i.I2C_Configuration) refers to stm32f10x_i2c.o(i.I2C_DeInit) for I2C_DeInit
    oled_i2c.o(i.I2C_Configuration) refers to stm32f10x_i2c.o(i.I2C_Cmd) for I2C_Cmd
    oled_i2c.o(i.I2C_Configuration) refers to stm32f10x_i2c.o(i.I2C_Init) for I2C_Init
    oled_i2c.o(i.I2C_WriteByte) refers to stm32f10x_i2c.o(i.I2C_GetFlagStatus) for I2C_GetFlagStatus
    oled_i2c.o(i.I2C_WriteByte) refers to stm32f10x_i2c.o(i.I2C_GenerateSTART) for I2C_GenerateSTART
    oled_i2c.o(i.I2C_WriteByte) refers to stm32f10x_i2c.o(i.I2C_CheckEvent) for I2C_CheckEvent
    oled_i2c.o(i.I2C_WriteByte) refers to stm32f10x_i2c.o(i.I2C_Send7bitAddress) for I2C_Send7bitAddress
    oled_i2c.o(i.I2C_WriteByte) refers to stm32f10x_i2c.o(i.I2C_SendData) for I2C_SendData
    oled_i2c.o(i.I2C_WriteByte) refers to stm32f10x_i2c.o(i.I2C_GenerateSTOP) for I2C_GenerateSTOP
    oled_i2c.o(i.OLED_CLS) refers to oled_i2c.o(i.OLED_Fill) for OLED_Fill
    oled_i2c.o(i.OLED_DrawBMP) refers to oled_i2c.o(i.OLED_SetPos) for OLED_SetPos
    oled_i2c.o(i.OLED_DrawBMP) refers to oled_i2c.o(i.WriteDat) for WriteDat
    oled_i2c.o(i.OLED_Fill) refers to oled_i2c.o(i.WriteCmd) for WriteCmd
    oled_i2c.o(i.OLED_Fill) refers to oled_i2c.o(i.WriteDat) for WriteDat
    oled_i2c.o(i.OLED_Init) refers to delay.o(i.delay_ms) for delay_ms
    oled_i2c.o(i.OLED_Init) refers to oled_i2c.o(i.WriteCmd) for WriteCmd
    oled_i2c.o(i.OLED_OFF) refers to oled_i2c.o(i.WriteCmd) for WriteCmd
    oled_i2c.o(i.OLED_ON) refers to oled_i2c.o(i.WriteCmd) for WriteCmd
    oled_i2c.o(i.OLED_SetPos) refers to oled_i2c.o(i.WriteCmd) for WriteCmd
    oled_i2c.o(i.OLED_ShowCN) refers to oled_i2c.o(i.OLED_SetPos) for OLED_SetPos
    oled_i2c.o(i.OLED_ShowCN) refers to oled_i2c.o(i.WriteDat) for WriteDat
    oled_i2c.o(i.OLED_ShowCN) refers to oled_i2c.o(.data) for F16x16
    oled_i2c.o(i.OLED_ShowStr) refers to oled_i2c.o(i.OLED_SetPos) for OLED_SetPos
    oled_i2c.o(i.OLED_ShowStr) refers to oled_i2c.o(i.WriteDat) for WriteDat
    oled_i2c.o(i.OLED_ShowStr) refers to oled_i2c.o(.constdata) for F6x8
    oled_i2c.o(i.WriteCmd) refers to oled_i2c.o(i.I2C_WriteByte) for I2C_WriteByte
    oled_i2c.o(i.WriteDat) refers to oled_i2c.o(i.I2C_WriteByte) for I2C_WriteByte
    sys.o(i.MYRCC_DeInit) refers to sys.o(i.MY_NVIC_SetVectorTable) for MY_NVIC_SetVectorTable
    sys.o(i.MY_NVIC_Init) refers to sys.o(i.MY_NVIC_PriorityGroupConfig) for MY_NVIC_PriorityGroupConfig
    sys.o(i.Stm32_Clock_Init) refers to sys.o(i.MYRCC_DeInit) for MYRCC_DeInit
    sys.o(i.Sys_Standby) refers to sys.o(i.WFI_SET) for WFI_SET
    usart.o(i.USART1_IRQHandler) refers (Special) to use_no_semi_2.o(.text) for __use_no_semihosting
    usart.o(i.USART1_IRQHandler) refers to usart.o(.data) for USART_RX_STA
    usart.o(i.USART1_IRQHandler) refers to usart.o(.bss) for USART_RX_BUF
    usart.o(i._sys_exit) refers (Special) to use_no_semi_2.o(.text) for __use_no_semihosting
[...]
    .ARM.Collect$$rtentry$$0000000C          0x080001c0   Section        0  __rtentry2.o(.ARM.Collect$$rtentry$$0000000C)
    .ARM.Collect$$rtentry$$0000000D          0x080001c0   Section        8  __rtentry2.o(.ARM.Collect$$rtentry$$0000000D)
    .ARM.Collect$$rtexit$$00000000           0x080001c8   Section        2  rtexit.o(.ARM.Collect$$rtexit$$00000000)
    .ARM.Collect$$rtexit$$00000002           0x080001ca   Section        0  rtexit2.o(.ARM.Collect$$rtexit$$00000002)
    .ARM.Collect$$rtexit$$00000003           0x080001ca   Section        4  rtexit2.o(.ARM.Collect$$rtexit$$00000003)
    .ARM.Collect$$rtexit$$00000004           0x080001ce   Section        6  rtexit2.o(.ARM.Collect$$rtexit$$00000004)
    .text                                    0x080001d4   Section       64  startup_stm32f10x_hd.o(.text)
    .text                                    0x08000214   Section        2  use_no_semi_2.o(.text)
    .text                                    0x08000218   Section        0  noretval__2printf.o(.text)
    .text                                    0x08000230   Section        0  __printf.o(.text)
    .text                                    0x08000298   Section        0  _printf_hex_int.o(.text)
    .text                                    0x080002f0   Section      138  rt_memcpy_v6.o(.text)
    .text                                    0x0800037a   Section        0  heapauxi.o(.text)
    .text                                    0x08000380   Section        2  use_no_semi.o(.text)
    .text                                    0x08000382   Section        0  _printf_intcommon.o(.text)
    .text                                    0x08000434   Section        0  _printf_char_file.o(.text)
    .text                                    0x08000458   Section      100  rt_memcpy_w.o(.text)
    .text                                    0x080004bc   Section        0  _printf_char_common.o(.text)
    _printf_input_char                       0x080004bd   Thumb Code    10  _printf_char_common.o(.text)
    .text                                    0x080004ec   Section        0  ferror.o(.text)
    .text                                    0x080004f4   Section       74  sys_stackheap_outer.o(.text)
    .text                                    0x0800053e   Section        0  exit.o(.text)
    .text                                    0x0800054c   Section        8  libspace.o(.text)
    i.BusFault_Handler                       0x08000554   Section        0  stm32f10x_it.o(i.BusFault_Handler)
    i.CmdError                               0x08000558   Section        0  sdio_sdcard.o(i.CmdError)
    i.CmdResp1Error                          0x08000588   Section        0  sdio_sdcard.o(i.CmdResp1Error)
    i.CmdResp2Error                          0x080005e8   Section        0  sdio_sdcard.o(i.CmdResp2Error)
    i.CmdResp3Error                          0x0800063c   Section        0  sdio_sdcard.o(i.CmdResp3Error)
    i.CmdResp6Error                          0x08000674   Section        0  sdio_sdcard.o(i.CmdResp6Error)
    i.CmdResp7Error                          0x08000704   Section        0  sdio_sdcard.o(i.CmdResp7Error)
    i.DMA_Cmd                                0x08000750   Section        0  stm32f10x_dma.o(i.DMA_Cmd)
    i.DMA_DeInit                             0x08000768   Section        0  stm32f10x_dma.o(i.DMA_DeInit)
    i.DMA_Init                               0x080008ac   Section        0  stm32f10x_dma.o(i.DMA_Init)
    i.DebugMon_Handler                       0x080008e8   Section        0  stm32f10x_it.o(i.DebugMon_Handler)
    i.FindSCR                                0x080008ec   Section        0  sdio_sdcard.o(i.FindSCR)
    i.GPIO_Init                              0x08000a80   Section        0  stm32f10x_gpio.o(i.GPIO_Init)
    i.GPIO_ResetBits                         0x08000b96   Section        0  stm32f10x_gpio.o(i.GPIO_ResetBits)
    i.GPIO_SetBits                           0x08000b9a   Section        0  stm32f10x_gpio.o(i.GPIO_SetBits)
    i.HardFault_Handler                      0x08000b9e   Section        0  stm32f10x_it.o(i.HardFault_Handler)
    i.I2C_CheckEvent                         0x08000ba2   Section        0  stm32f10x_i2c.o(i.I2C_CheckEvent)
    i.I2C_Cmd                                0x08000bc8   Section        0  stm32f10x_i2c.o(i.I2C_Cmd)
    i.I2C_Configuration                      0x08000be0   Section        0  oled_i2c.o(i.I2C_Configuration)
    i.I2C_DeInit                             0x08000c5c   Section        0  stm32f10x_i2c.o(i.I2C_DeInit)
    i.I2C_GenerateSTART                      0x08000ca0   Section        0  stm32f10x_i2c.o(i.I2C_GenerateSTART)
    i.I2C_GenerateSTOP                       0x08000cb8   Section        0  stm32f10x_i2c.o(i.I2C_GenerateSTOP)
    i.I2C_GetFlagStatus                      0x08000cd0   Section        0  stm32f10x_i2c.o(i.I2C_GetFlagStatus)
    i.I2C_Init                               0x08000d0c   Section        0  stm32f10x_i2c.o(i.I2C_Init)
    i.I2C_Send7bitAddress                    0x08000df8   Section        0  stm32f10x_i2c.o(i.I2C_Send7bitAddress)
    i.I2C_SendData                           0x08000e0a   Section        0  stm32f10x_i2c.o(i.I2C_SendData)
    i.I2C_WriteByte                          0x08000e10   Section        0  oled_i2c.o(i.I2C_WriteByte)
    i.INTX_DISABLE                           0x08000e9c   Section        0  sys.o(i.INTX_DISABLE)
    i.INTX_ENABLE                            0x08000ea0   Section        0  sys.o(i.INTX_ENABLE)
    i.IsCardProgramming                      0x08000ea4   Section        0  sdio_sdcard.o(i.IsCardProgramming)
    i.MemManage_Handler                      0x08000f40   Section        0  stm32f10x_it.o(i.MemManage_Handler)
    i.NMI_Handler                            0x08000f44   Section        0  stm32f10x_it.o(i.NMI_Handler)
    i.NVIC_Init                              0x08000f48   Section        0  misc.o(i.NVIC_Init)
    i.NVIC_PriorityGroupConfig               0x08000fb8   Section        0  misc.o(i.NVIC_PriorityGroupConfig)
    i.OLED_DrawBMP                           0x08000fcc   Section        0  oled_i2c.o(i.OLED_DrawBMP)
    i.OLED_Fill                              0x08001040   Section        0  oled_i2c.o(i.OLED_Fill)
    i.OLED_Init                              0x0800107a   Section        0  oled_i2c.o(i.OLED_Init)
    i.OLED_SetPos                            0x0800112e   Section        0  oled_i2c.o(i.OLED_SetPos)
    i.PendSV_Handler                         0x08001156   Section        0  stm32f10x_it.o(i.PendSV_Handler)
    i.RCC_AHBPeriphClockCmd                  0x08001158   Section        0  stm32f10x_rcc.o(i.RCC_AHBPeriphClockCmd)
    i.RCC_APB1PeriphClockCmd                 0x08001178   Section        0  stm32f10x_rcc.o(i.RCC_APB1PeriphClockCmd)
    i.RCC_APB1PeriphResetCmd                 0x08001198   Section        0  stm32f10x_rcc.o(i.RCC_APB1PeriphResetCmd)
    i.RCC_APB2PeriphClockCmd                 0x080011b8   Section        0  stm32f10x_rcc.o(i.RCC_APB2PeriphClockCmd)
    i.RCC_GetClocksFreq                      0x080011d8   Section        0  stm32f10x_rcc.o(i.RCC_GetClocksFreq)
    i.RTC_ClearITPendingBit                  0x080012ac   Section        0  stm32f10x_rtc.o(i.RTC_ClearITPendingBit)
    i.RTC_EnterConfigMode                    0x080012bc   Section        0  stm32f10x_rtc.o(i.RTC_EnterConfigMode)
    i.RTC_ExitConfigMode                     0x080012d0   Section        0  stm32f10x_rtc.o(i.RTC_ExitConfigMode)
    i.RTC_GetCounter                         0x080012e4   Section        0  stm32f10x_rtc.o(i.RTC_GetCounter)
    i.RTC_GetITStatus                        0x080012f8   Section        0  stm32f10x_rtc.o(i.RTC_GetITStatus)
    i.RTC_IRQHandler                         0x0800131c   Section        0  stm32f10x_it.o(i.RTC_IRQHandler)
    i.RTC_SetCounter                         0x08001384   Section        0  stm32f10x_rtc.o(i.RTC_SetCounter)
    i.RTC_WaitForLastTask                    0x080013a0   Section        0  stm32f10x_rtc.o(i.RTC_WaitForLastTask)
    i.SDEnWideBus                            0x080013b4   Section        0  sdio_sdcard.o(i.SDEnWideBus)
    i.SDIO_ClearFlag                         0x08001460   Section        0  stm32f10x_sdio.o(i.SDIO_ClearFlag)
    i.SDIO_ClockCmd                          0x0800146c   Section        0  stm32f10x_sdio.o(i.SDIO_ClockCmd)
    i.SDIO_Clock_Set                         0x08001478   Section        0  sdio_sdcard.o(i.SDIO_Clock_Set)
    i.SDIO_DMACmd                            0x0800148c   Section        0  stm32f10x_sdio.o(i.SDIO_DMACmd)
    i.SDIO_DataConfig                        0x08001498   Section        0  stm32f10x_sdio.o(i.SDIO_DataConfig)
    i.SDIO_DeInit                            0x080014c8   Section        0  stm32f10x_sdio.o(i.SDIO_DeInit)
    i.SDIO_GetFlagStatus                     0x080014ec   Section        0  stm32f10x_sdio.o(i.SDIO_GetFlagStatus)
    i.SDIO_GetPowerState                     0x08001504   Section        0  stm32f10x_sdio.o(i.SDIO_GetPowerState)
    i.SDIO_IRQHandler                        0x08001514   Section        0  sdio_sdcard.o(i.SDIO_IRQHandler)
    i.SDIO_Init                              0x0800151c   Section        0  stm32f10x_sdio.o(i.SDIO_Init)
    i.SDIO_ReadData                          0x0800154c   Section        0  stm32f10x_sdio.o(i.SDIO_ReadData)
    i.SDIO_SendCommand                       0x08001558   Section        0  stm32f10x_sdio.o(i.SDIO_SendCommand)
    i.SDIO_SetPowerState                     0x08001584   Section        0  stm32f10x_sdio.o(i.SDIO_SetPowerState)
    i.SDIO_WriteData                         0x080015a0   Section        0  stm32f10x_sdio.o(i.SDIO_WriteData)
    i.SD_DMA_Config                          0x080015ac   Section        0  sdio_sdcard.o(i.SD_DMA_Config)
    i.SD_EnableWideBusOperation              0x08001614   Section        0  sdio_sdcard.o(i.SD_EnableWideBusOperation)
    i.SD_GetCardInfo                         0x0800167c   Section        0  sdio_sdcard.o(i.SD_GetCardInfo)
    i.SD_Init                                0x08001990   Section        0  sdio_sdcard.o(i.SD_Init)
    i.SD_InitializeCards                     0x08001a90   Section        0  sdio_sdcard.o(i.SD_InitializeCards)
    i.SD_PowerON                             0x08001be4   Section        0  sdio_sdcard.o(i.SD_PowerON)
    i.SD_ProcessIRQSrc                       0x08001dc0   Section        0  sdio_sdcard.o(i.SD_ProcessIRQSrc)
    i.SD_ReadBlock                           0x08001efc   Section        0  sdio_sdcard.o(i.SD_ReadBlock)
    i.SD_ReadDisk                            0x08002154   Section        0  sdio_sdcard.o(i.SD_ReadDisk)
    i.SD_ReadMultiBlocks                     0x080021f4   Section        0  sdio_sdcard.o(i.SD_ReadMultiBlocks)
    i.SD_SelectDeselect                      0x080024dc   Section        0  sdio_sdcard.o(i.SD_SelectDeselect)
    i.SD_SetDeviceMode                       0x0800250c   Section        0  sdio_sdcard.o(i.SD_SetDeviceMode)
    i.SD_WriteBlock                          0x08002524   Section        0  sdio_sdcard.o(i.SD_WriteBlock)
    i.SD_WriteDisk                           0x08002898   Section        0  sdio_sdcard.o(i.SD_WriteDisk)
    i.SD_WriteMultiBlocks                    0x08002938   Section        0  sdio_sdcard.o(i.SD_WriteMultiBlocks)
    i.SPI2_Init                              0x08002cf8   Section        0  spi.o(i.SPI2_Init)
    i.SPI2_ReadWriteByte                     0x08002d8c   Section        0  spi.o(i.SPI2_ReadWriteByte)
    i.SPI2_SetSpeed                          0x08002de0   Section        0  spi.o(i.SPI2_SetSpeed)
    i.SPI_Cmd                                0x08002e08   Section        0  stm32f10x_spi.o(i.SPI_Cmd)
    i.SPI_I2S_GetFlagStatus                  0x08002e20   Section        0  stm32f10x_spi.o(i.SPI_I2S_GetFlagStatus)
    i.SPI_I2S_ReceiveData                    0x08002e32   Section        0  stm32f10x_spi.o(i.SPI_I2S_ReceiveData)
    i.SPI_I2S_SendData                       0x08002e38   Section        0  stm32f10x_spi.o(i.SPI_I2S_SendData)
    i.SPI_Init                               0x08002e3c   Section        0  stm32f10x_spi.o(i.SPI_Init)
    i.SVC_Handler                            0x08002e78   Section        0  stm32f10x_it.o(i.SVC_Handler)
    i.SetSysClock                            0x08002e7a   Section        0  system_stm32f10x.o(i.SetSysClock)
    SetSysClock                              0x08002e7b   Thumb Code     8  system_stm32f10x.o(i.SetSysClock)
    i.SetSysClockTo72                        0x08002e84   Section        0  system_stm32f10x.o(i.SetSysClockTo72)
    SetSysClockTo72                          0x08002e85   Thumb Code   220  system_stm32f10x.o(i.SetSysClockTo72)
    i.SysTick_Handler                        0x08002f68   Section        0  stm32f10x_it.o(i.SysTick_Handler)
    i.SystemInit                             0x08002f6c   Section        0  system_stm32f10x.o(i.SystemInit)
    i.USART1_IRQHandler                      0x08002fbc   Section        0  usart.o(i.USART1_IRQHandler)
    i.UsageFault_Handler                     0x08003040   Section        0  stm32f10x_it.o(i.UsageFault_Handler)
    i.W25QXX_Erase_Sector                    0x08003044   Section        0  w25qxx.o(i.W25QXX_Erase_Sector)
    i.W25QXX_Init                            0x0800309c   Section        0  w25qxx.o(i.W25QXX_Init)
    i.W25QXX_Read                            0x080030f4   Section        0  w25qxx.o(i.W25QXX_Read)
    i.W25QXX_ReadID                          0x08003144   Section        0  w25qxx.o(i.W25QXX_ReadID)
    i.W25QXX_ReadSR                          0x0800318c   Section        0  w25qxx.o(i.W25QXX_ReadSR)
    i.W25QXX_Wait_Busy                       0x080031b8   Section        0  w25qxx.o(i.W25QXX_Wait_Busy)
    i.W25QXX_Write                           0x080031cc   Section        0  w25qxx.o(i.W25QXX_Write)
    i.W25QXX_Write_Enable                    0x08003284   Section        0  w25qxx.o(i.W25QXX_Write_Enable)
    i.W25QXX_Write_NoCheck                   0x080032a4   Section        0  w25qxx.o(i.W25QXX_Write_NoCheck)
    i.W25QXX_Write_Page                      0x080032ec   Section        0  w25qxx.o(i.W25QXX_Write_Page)
    i.WriteCmd                               0x08003340   Section        0  oled_i2c.o(i.WriteCmd)
    i.WriteDat                               0x0800334e   Section        0  oled_i2c.o(i.WriteDat)
    i._sys_exit                              0x0800335c   Section        0  usart.o(i._sys_exit)
    i.check_fs                               0x08003364   Section        0  ff.o(i.check_fs)
    check_fs                                 0x08003365   Thumb Code   140  ff.o(i.check_fs)
    i.chk_chr                                0x080033f4   Section        0  ff.o(i.chk_chr)
    chk_chr                                  0x080033f5   Thumb Code    20  ff.o(i.chk_chr)
    i.clmt_clust                             0x08003408   Section        0  ff.o(i.clmt_clust)
    clmt_clust                               0x08003409   Thumb Code    50  ff.o(i.clmt_clust)
    i.clust2sect                             0x0800343a   Section        0  ff.o(i.clust2sect)
    i.cmp_lfn                                0x08003454   Section        0  ff.o(i.cmp_lfn)
    cmp_lfn                                  0x08003455   Thumb Code   138  ff.o(i.cmp_lfn)
    i.convert_from_bytes_to_power_of_two     0x080034e4   Section        0  sdio_sdcard.o(i.convert_from_bytes_to_power_of_two)
    i.create_chain                           0x080034f6   Section        0  ff.o(i.create_chain)
    create_chain                             0x080034f7   Thumb Code   214  ff.o(i.create_chain)
    i.create_name                            0x080035cc   Section        0  ff.o(i.create_name)
    create_name                              0x080035cd   Thumb Code   604  ff.o(i.create_name)
    i.delay_init                             0x0800383c   Section        0  delay.o(i.delay_init)
    i.delay_ms                               0x0800387c   Section        0  delay.o(i.delay_ms)
    i.dir_alloc                              0x080038b8   Section        0  ff.o(i.dir_alloc)
    dir_alloc                                0x080038b9   Thumb Code    92  ff.o(i.dir_alloc)
    i.dir_find                               0x08003914   Section        0  ff.o(i.dir_find)
    dir_find                                 0x08003915   Thumb Code   234  ff.o(i.dir_find)
    i.dir_next                               0x080039fe   Section        0  ff.o(i.dir_next)
    dir_next                                 0x080039ff   Thumb Code   270  ff.o(i.dir_next)
    i.dir_register                           0x08003b0c   Section        0  ff.o(i.dir_register)
    dir_register                             0x08003b0d   Thumb Code   298  ff.o(i.dir_register)
    i.dir_sdi                                0x08003c36   Section        0  ff.o(i.dir_sdi)
    i.disk_initialize                        0x08003cd4   Section        0  diskio.o(i.disk_initialize)
    i.disk_read                              0x08003d0c   Section        0  diskio.o(i.disk_read)
    i.disk_status                            0x08003d86   Section        0  diskio.o(i.disk_status)
    i.disk_write                             0x08003d8c   Section        0  diskio.o(i.disk_write)
    i.exfuns_init                            0x08003e08   Section        0  exfuns.o(i.exfuns_init)
    i.f_mount                                0x08003e8c   Section        0  ff.o(i.f_mount)
    i.f_open                                 0x08003ee8   Section        0  ff.o(i.f_open)
    i.f_read                                 0x08004068   Section        0  ff.o(i.f_read)
    i.ff_convert                             0x08004218   Section        0  cc936.o(i.ff_convert)
    i.ff_memalloc                            0x08004294   Section        0  diskio.o(i.ff_memalloc)
    i.ff_memfree                             0x080042a2   Section        0  diskio.o(i.ff_memfree)
    i.ff_wtoupper                            0x080042b0   Section        0  cc936.o(i.ff_wtoupper)
    i.find_volume                            0x080042e8   Section        0  ff.o(i.find_volume)
    find_volume                              0x080042e9   Thumb Code   900  ff.o(i.find_volume)
    i.fit_lfn                                0x0800467c   Section        0  ff.o(i.fit_lfn)
    fit_lfn                                  0x0800467d   Thumb Code   122  ff.o(i.fit_lfn)
    i.follow_path                            0x080046fc   Section        0  ff.o(i.follow_path)
    follow_path                              0x080046fd   Thumb Code   144  ff.o(i.follow_path)
    i.fputc                                  0x0800478c   Section        0  usart.o(i.fputc)
    i.gen_numname                            0x080047a8   Section        0  ff.o(i.gen_numname)
    gen_numname                              0x080047a9   Thumb Code   198  ff.o(i.gen_numname)
    i.get_fat                                0x08004874   Section        0  ff.o(i.get_fat)
    i.get_fattime                            0x08004966   Section        0  diskio.o(i.get_fattime)
    i.get_ldnumber                           0x0800496a   Section        0  ff.o(i.get_ldnumber)
    get_ldnumber                             0x0800496b   Thumb Code    74  ff.o(i.get_ldnumber)
    i.ld_clust                               0x080049b4   Section        0  ff.o(i.ld_clust)
    ld_clust                                 0x080049b5   Thumb Code    32  ff.o(i.ld_clust)
    i.main                                   0x080049d4   Section        0  main.o(i.main)
    i.mem_cmp                                0x08004aac   Section        0  ff.o(i.mem_cmp)
    mem_cmp                                  0x08004aad   Thumb Code    38  ff.o(i.mem_cmp)
    i.mem_cpy                                0x08004ad2   Section        0  ff.o(i.mem_cpy)
    mem_cpy                                  0x08004ad3   Thumb Code    26  ff.o(i.mem_cpy)
    i.mem_set                                0x08004aec   Section        0  ff.o(i.mem_set)
    mem_set                                  0x08004aed   Thumb Code    20  ff.o(i.mem_set)
    i.move_window                            0x08004b00   Section        0  ff.o(i.move_window)
    move_window                              0x08004b01   Thumb Code    52  ff.o(i.move_window)
    i.my_mem_free                            0x08004b34   Section        0  malloc.o(i.my_mem_free)
    i.my_mem_init                            0x08004ba0   Section        0  malloc.o(i.my_mem_init)
    i.my_mem_malloc                          0x08004be4   Section        0  malloc.o(i.my_mem_malloc)
    i.my_mem_perused                         0x08004c8c   Section        0  malloc.o(i.my_mem_perused)
    i.myfree                                 0x08004ccc   Section        0  malloc.o(i.myfree)
    i.mymalloc                               0x08004cf0   Section        0  malloc.o(i.mymalloc)
    i.mymemset                               0x08004d18   Section        0  malloc.o(i.mymemset)
    i.put_fat                                0x08004d2c   Section        0  ff.o(i.put_fat)
    i.remove_chain                           0x08004e6e   Section        0  ff.o(i.remove_chain)
    remove_chain                             0x08004e6f   Thumb Code   108  ff.o(i.remove_chain)
    i.st_clust                               0x08004eda   Section        0  ff.o(i.st_clust)
    st_clust                                 0x08004edb   Thumb Code    16  ff.o(i.st_clust)
    i.sum_sfn                                0x08004eea   Section        0  ff.o(i.sum_sfn)
    sum_sfn                                  0x08004eeb   Thumb Code    32  ff.o(i.sum_sfn)
    i.sync_window                            0x08004f0a   Section        0  ff.o(i.sync_window)
    sync_window                              0x08004f0b   Thumb Code    82  ff.o(i.sync_window)
    i.validate                               0x08004f5c   Section        0  ff.o(i.validate)
    validate                                 0x08004f5d   Thumb Code    54  ff.o(i.validate)
    .constdata                               0x08004f92   Section       58  ff.o(.constdata)
    LfnOfs                                   0x08004f92   Data          13  ff.o(.constdata)
    vst                                      0x08004fa0   Data          22  ff.o(.constdata)
    cst                                      0x08004fb6   Data          22  ff.o(.constdata)
    .constdata                               0x08004fcc   Section    175304  cc936.o(.constdata)
    uni2oem                                  0x08004fcc   Data       87172  cc936.o(.constdata)
    oem2uni                                  0x0801a450   Data       87172  cc936.o(.constdata)
    tbl_lower                                0x0802f8d4   Data         480  cc936.o(.constdata)
    tbl_upper                                0x0802fab4   Data         480  cc936.o(.constdata)
    .constdata                               0x0802fc94   Section       24  malloc.o(.constdata)
    .constdata                               0x0802fcac   Section       40  _printf_hex_int.o(.constdata)
    uc_hextab                                0x0802fcac   Data          20  _printf_hex_int.o(.constdata)
    lc_hextab                                0x0802fcc0   Data          20  _printf_hex_int.o(.constdata)
    .data                                    0x20000000   Section       16  main.o(.data)
    .data                                    0x20000010   Section        4  delay.o(.data)
    fac_us                                   0x20000010   Data           1  delay.o(.data)
    fac_ms                                   0x20000012   Data           2  delay.o(.data)
    .data                                    0x20000014   Section        6  usart.o(.data)
    .data                                    0x2000001a   Section        2  diskio.o(.data)
    .data                                    0x2000001c   Section       10  ff.o(.data)
    FatFs                                    0x2000001c   Data           8  ff.o(.data)
    Fsid                                     0x20000024   Data           2  ff.o(.data)
    .data                                    0x20000028   Section       28  exfuns.o(.data)
    .data                                    0x20000044   Section       16  sdio_sdcard.o(.data)
    CardType                                 0x20000044   Data           1  sdio_sdcard.o(.data)
    RCA                                      0x20000048   Data           4  sdio_sdcard.o(.data)
    DeviceMode                               0x2000004c   Data           1  sdio_sdcard.o(.data)
    StopCondition                            0x2000004d   Data           1  sdio_sdcard.o(.data)
    .data                                    0x20000054   Section       28  malloc.o(.data)
    .data                                    0x20000070   Section        2  w25qxx.o(.data)
    .data                                    0x20000072   Section        1  stm32f10x_it.o(.data)
    .data                                    0x20000073   Section       20  stm32f10x_rcc.o(.data)
    APBAHBPrescTable                         0x20000073   Data          16  stm32f10x_rcc.o(.data)
    ADCPrescTable                            0x20000083   Data           4  stm32f10x_rcc.o(.data)
    .bss                                     0x20000088   Section     1056  main.o(.bss)
    .bss                                     0x200004a8   Section      200  usart.o(.bss)
    .bss                                     0x20000570   Section      704  sdio_sdcard.o(.bss)
    CSD_Tab                                  0x200005b4   Data          16  sdio_sdcard.o(.bss)
    CID_Tab                                  0x200005c4   Data          16  sdio_sdcard.o(.bss)
    .bss                                     0x20000840   Section    43520  malloc.o(.bss)
    .bss                                     0x2000b240   Section     4096  w25qxx.o(.bss)
    .bss                                     0x2000c240   Section       96  libspace.o(.bss)
    HEAP                                     0x2000c2a0   Section      512  startup_stm32f10x_hd.o(HEAP)
    Heap_Mem                                 0x2000c2a0   Data         512  startup_stm32f10x_hd.o(HEAP)
    STACK                                    0x2000c4a0   Section     1024  startup_stm32f10x_hd.o(STACK)
    Stack_Mem                                0x2000c4a0   Data        1024  startup_stm32f10x_hd.o(STACK)
    __initial_sp                             0x2000c8a0   Data           0  startup_stm32f10x_hd.o(STACK)
    .ARM.__AT_0x68000000                     0x68000000   Section    983040  malloc.o(.ARM.__AT_0x68000000)
    .ARM.__AT_0x680F0000                     0x680f0000   Section    61440  malloc.o(.ARM.__AT_0x680F0000)

    Global Symbols

    Symbol Name                              Value     Ov Type        Size  Object(Section)

    BuildAttributes$$THM_ISAv4$P$D$K$B$S$PE$A:L22UL41UL21$X:L11$S22US41US21$IEEE1$IW$USESV6$~STKCKD$USESV7$~SHL$OSPACE$ROPI$EBA8$UX$STANDARDLIB$REQ8$PRES8$EABIv2 0x00000000   Number         0  anon$$obj.o ABSOLUTE
    __ARM_use_no_argv                        0x00000000   Number         0  main.o ABSOLUTE
    __ARM_exceptions_init                     - Undefined Weak Reference
    __alloca_initialize                       - Undefined Weak Reference
    __arm_preinit_                            - Undefined Weak Reference
    __cpp_initialize__aeabi_                  - Undefined Weak Reference
    __cxa_finalize                            - Undefined Weak Reference
    __rt_locale                               - Undefined Weak Reference
    __sigvec_lookup                           - Undefined Weak Reference
    _atexit_init                              - Undefined Weak Reference
    _call_atexit_fns                          - Undefined Weak Reference
    _clock_init                               - Undefined Weak Reference
    _fp_trap_init                             - Undefined Weak Reference
    _fp_trap_shutdown                         - Undefined Weak Reference
    _get_lc_collate                           - Undefined Weak Reference
    _get_lc_ctype                             - Undefined Weak Reference
    _get_lc_monetary                          - Undefined Weak Reference
    _get_lc_numeric                           - Undefined Weak Reference
    _get_lc_time                              - Undefined Weak Reference
    _getenv_init                              - Undefined Weak Reference
    _handle_redirection                       - Undefined Weak Reference
    _init_alloc                               - Undefined Weak Reference
    _init_user_alloc                          - Undefined Weak Reference
    _initio                                   - Undefined Weak Reference
    _mutex_acquire                            - Undefined Weak Reference
    _mutex_release                            - Undefined Weak Reference
    _printf_post_padding                      - Undefined Weak Reference
    _printf_pre_padding                       - Undefined Weak Reference
    _printf_truncate_unsigned                 - Undefined Weak Reference
    _rand_init                                - Undefined Weak Reference
    _signal_finish                            - Undefined Weak Reference
    _signal_init                              - Undefined Weak Reference
    _terminate_alloc                          - Undefined Weak Reference
    _terminate_user_alloc                     - Undefined Weak Reference
    _terminateio                              - Undefined Weak Reference
    __Vectors_Size                           0x00000130   Number         0  startup_stm32f10x_hd.o ABSOLUTE
    __Vectors                                0x08000000   Data           4  startup_stm32f10x_hd.o(RESET)
    __Vectors_End                            0x08000130   Data           0  startup_stm32f10x_hd.o(RESET)
    __main                                   0x08000131   Thumb Code     8  __main.o(!!!main)
    __scatterload                            0x08000139   Thumb Code     0  __scatter.o(!!!scatter)
    __scatterload_rt2                        0x08000139   Thumb Code    44  __scatter.o(!!!scatter)
    __scatterload_rt2_thumb_only             0x08000139   Thumb Code     0  __scatter.o(!!!scatter)
    __scatterload_null                       0x08000147   Thumb Code     0  __scatter.o(!!!scatter)
    __scatterload_copy                       0x0800016d   Thumb Code    26  __scatter_copy.o(!!handler_copy)
    __scatterload_zeroinit                   0x08000189   Thumb Code    28  __scatter_zi.o(!!handler_zi)
    _printf_percent                          0x080001a5   Thumb Code     0  _printf_percent.o(.ARM.Collect$$_printf_percent$$00000000)
    _printf_x                                0x080001a5   Thumb Code     0  _printf_x.o(.ARM.Collect$$_printf_percent$$0000000C)
    _printf_percent_end                      0x080001ab   Thumb Code     0  _printf_percent_end.o(.ARM.Collect$$_printf_percent$$00000017)
    __rt_lib_init                            0x080001af   Thumb Code     0  libinit.o(.ARM.Collect$$libinit$$00000000)
    __rt_lib_init_alloca_1                   0x080001b1   Thumb Code     0  libinit2.o(.ARM.Collect$$libinit$$0000002E)
    __rt_lib_init_argv_1                     0x080001b1   Thumb Code     0  libinit2.o(.ARM.Collect$$libinit$$0000002C)
    __rt_lib_init_atexit_1                   0x080001b1   Thumb Code     0  libinit2.o(.ARM.Collect$$libinit$$0000001B)
    __rt_lib_init_clock_1                    0x080001b1   Thumb Code     0  libinit2.o(.ARM.Collect$$libinit$$00000021)
    __rt_lib_init_cpp_1                      0x080001b1   Thumb Code     0  libinit2.o(.ARM.Collect$$libinit$$00000032)
    __rt_lib_init_exceptions_1               0x080001b1   Thumb Code     0  libinit2.o(.ARM.Collect$$libinit$$00000030)
    __rt_lib_init_fp_1                       0x080001b1   Thumb Code     0  libinit2.o(.ARM.Collect$$libinit$$00000002)
    __rt_lib_init_fp_trap_1                  0x080001b1   Thumb Code     0  libinit2.o(.ARM.Collect$$libinit$$0000001F)
    __rt_lib_init_getenv_1                   0x080001b1   Thumb Code     0  libinit2.o(.ARM.Collect$$libinit$$00000023)
    __rt_lib_init_heap_1                     0x080001b1   Thumb Code     0  libinit2.o(.ARM.Collect$$libinit$$0000000A)
    __rt_lib_init_lc_collate_1               0x080001b1   Thumb Code     0  libinit2.o(.ARM.Collect$$libinit$$00000011)
    __rt_lib_init_lc_ctype_1                 0x080001b1   Thumb Code     0  libinit2.o(.ARM.Collect$$libinit$$00000013)
    __rt_lib_init_lc_monetary_1              0x080001b1   Thumb Code     0  libinit2.o(.ARM.Collect$$libinit$$00000015)
    __rt_lib_init_lc_numeric_1               0x080001b1   Thumb Code     0  libinit2.o(.ARM.Collect$$libinit$$00000017)
    __rt_lib_init_lc_time_1                  0x080001b1   Thumb Code     0  libinit2.o(.ARM.Collect$$libinit$$00000019)
    __rt_lib_init_preinit_1                  0x080001b1   Thumb Code     0  libinit2.o(.ARM.Collect$$libinit$$00000004)
    __rt_lib_init_rand_1                     0x080001b1   Thumb Code     0  libinit2.o(.ARM.Collect$$libinit$$0000000E)
    __rt_lib_init_return                     0x080001b1   Thumb Code     0  libinit2.o(.ARM.Collect$$libinit$$00000033)
    __rt_lib_init_signal_1                   0x080001b1   Thumb Code     0  libinit2.o(.ARM.Collect$$libinit$$0000001D)
    __rt_lib_init_stdio_1                    0x080001b1   Thumb Code     0  libinit2.o(.ARM.Collect$$libinit$$00000025)
    __rt_lib_init_user_alloc_1               0x080001b1   Thumb Code     0  libinit2.o(.ARM.Collect$$libinit$$0000000C)
    __rt_lib_shutdown                        0x080001b3   Thumb Code     0  libshutdown.o(.ARM.Collect$$libshutdown$$00000000)
    __rt_lib_shutdown_fp_trap_1              0x080001b5   Thumb Code     0  libshutdown2.o(.ARM.Collect$$libshutdown$$00000006)
    __rt_lib_shutdown_heap_1                 0x080001b5   Thumb Code     0  libshutdown2.o(.ARM.Collect$$libshutdown$$0000000E)
    __rt_lib_shutdown_return                 0x080001b5   Thumb Code     0  libshutdown2.o(.ARM.Collect$$libshutdown$$0000000F)
    __rt_lib_shutdown_signal_1               0x080001b5   Thumb Code     0  libshutdown2.o(.ARM.Collect$$libshutdown$$00000009)
    __rt_lib_shutdown_stdio_1                0x080001b5   Thumb Code     0  libshutdown2.o(.ARM.Collect$$libshutdown$$00000003)
    __rt_lib_shutdown_user_alloc_1           0x080001b5   Thumb Code     0  libshutdown2.o(.ARM.Collect$$libshutdown$$0000000B)
    __rt_entry                               0x080001b7   Thumb Code     0  __rtentry.o(.ARM.Collect$$rtentry$$00000000)
    __rt_entry_presh_1                       0x080001b7   Thumb Code     0  __rtentry2.o(.ARM.Collect$$rtentry$$00000002)
    __rt_entry_sh                            0x080001b7   Thumb Code     0  __rtentry4.o(.ARM.Collect$$rtentry$$00000004)
    __rt_entry_li                            0x080001bd   Thumb Code     0  __rtentry2.o(.ARM.Collect$$rtentry$$0000000A)
    __rt_entry_postsh_1                      0x080001bd   Thumb Code     0  __rtentry2.o(.ARM.Collect$$rtentry$$00000009)
    __rt_entry_main                          0x080001c1   Thumb Code     0  __rtentry2.o(.ARM.Collect$$rtentry$$0000000D)
    __rt_entry_postli_1                      0x080001c1   Thumb Code     0  __rtentry2.o(.ARM.Collect$$rtentry$$0000000C)
    __rt_exit                                0x080001c9   Thumb Code     0  rtexit.o(.ARM.Collect$$rtexit$$00000000)
    __rt_exit_ls                             0x080001cb   Thumb Code     0  rtexit2.o(.ARM.Collect$$rtexit$$00000003)
    __rt_exit_prels_1                        0x080001cb   Thumb Code     0  rtexit2.o(.ARM.Collect$$rtexit$$00000002)
    __rt_exit_exit                           0x080001cf   Thumb Code     0  rtexit2.o(.ARM.Collect$$rtexit$$00000004)
    Reset_Handler                            0x080001d5   Thumb Code     8  startup_stm32f10x_hd.o(.text)
    ADC1_2_IRQHandler                        0x080001ef   Thumb Code     0  startup_stm32f10x_hd.o(.text)
    ADC3_IRQHandler                          0x080001ef   Thumb Code     0  startup_stm32f10x_hd.o(.text)
    CAN1_RX1_IRQHandler                      0x080001ef   Thumb Code     0  startup_stm32f10x_hd.o(.text)
    CAN1_SCE_IRQHandler                      0x080001ef   Thumb Code     0  startup_stm32f10x_hd.o(.text)
    DMA1_Channel1_IRQHandler                 0x080001ef   Thumb Code     0  startup_stm32f10x_hd.o(.text)
    DMA1_Channel2_IRQHandler                 0x080001ef   Thumb Code     0  startup_stm32f10x_hd.o(.text)
    DMA1_Channel3_IRQHandler                 0x080001ef   Thumb Code     0  startup_stm32f10x_hd.o(.text)
    DMA1_Channel4_IRQHandler                 0x080001ef   Thumb Code     0  startup_stm32f10x_hd.o(.text)
    DMA1_Channel5_IRQHandler                 0x080001ef   Thumb Code     0  startup_stm32f10x_hd.o(.text)
    DMA1_Channel6_IRQHandler                 0x080001ef   Thumb Code     0  startup_stm32f10x_hd.o(.text)
    DMA1_Channel7_IRQHandler                 0x080001ef   Thumb Code     0  startup_stm32f10x_hd.o(.text)
    DMA2_Channel1_IRQHandler                 0x080001ef   Thumb Code     0  startup_stm32f10x_hd.o(.text)
    DMA2_Channel2_IRQHandler                 0x080001ef   Thumb Code     0  startup_stm32f10x_hd.o(.text)
    DMA2_Channel3_IRQHandler                 0x080001ef   Thumb Code     0  startup_stm32f10x_hd.o(.text)
    DMA2_Channel4_5_IRQHandler               0x080001ef   Thumb Code     0  startup_stm32f10x_hd.o(.text)
    EXTI0_IRQHandler                         0x080001ef   Thumb Code     0  startup_stm32f10x_hd.o(.text)
    EXTI15_10_IRQHandler                     0x080001ef   Thumb Code     0  startup_stm32f10x_hd.o(.text)
    EXTI1_IRQHandler                         0x080001ef   Thumb Code     0  startup_stm32f10x_hd.o(.text)
    EXTI2_IRQHandler                         0x080001ef   Thumb Code     0  startup_stm32f10x_hd.o(.text)
    EXTI3_IRQHandler                         0x080001ef   Thumb Code     0  startup_stm32f10x_hd.o(.text)
    EXTI4_IRQHandler                         0x080001ef   Thumb Code     0  startup_stm32f10x_hd.o(.text)
    EXTI9_5_IRQHandler                       0x080001ef   Thumb Code     0  startup_stm32f10x_hd.o(.text)
    FLASH_IRQHandler                         0x080001ef   Thumb Code     0  startup_stm32f10x_hd.o(.text)
    FSMC_IRQHandler                          0x080001ef   Thumb Code     0  startup_stm32f10x_hd.o(.text)
    I2C1_ER_IRQHandler                       0x080001ef   Thumb Code     0  startup_stm32f10x_hd.o(.text)
    I2C1_EV_IRQHandler                       0x080001ef   Thumb Code     0  startup_stm32f10x_hd.o(.text)
    I2C2_ER_IRQHandler                       0x080001ef   Thumb Code     0  startup_stm32f10x_hd.o(.text)
    I2C2_EV_IRQHandler                       0x080001ef   Thumb Code     0  startup_stm32f10x_hd.o(.text)
    PVD_IRQHandler                           0x080001ef   Thumb Code     0  startup_stm32f10x_hd.o(.text)
    RCC_IRQHandler                           0x080001ef   Thumb Code     0  startup_stm32f10x_hd.o(.text)
    RTCAlarm_IRQHandler                      0x080001ef   Thumb Code     0  startup_stm32f10x_hd.o(.text)
    SPI1_IRQHandler                          0x080001ef   Thumb Code     0  startup_stm32f10x_hd.o(.text)
    SPI2_IRQHandler                          0x080001ef   Thumb Code     0  startup_stm32f10x_hd.o(.text)
    SPI3_IRQHandler                          0x080001ef   Thumb Code     0  startup_stm32f10x_hd.o(.text)
    TAMPER_IRQHandler                        0x080001ef   Thumb Code     0  startup_stm32f10x_hd.o(.text)
    TIM1_BRK_IRQHandler                      0x080001ef   Thumb Code     0  startup_stm32f10x_hd.o(.text)
    TIM1_CC_IRQHandler                       0x080001ef   Thumb Code     0  startup_stm32f10x_hd.o(.text)
    TIM1_TRG_COM_IRQHandler                  0x080001ef   Thumb Code     0  startup_stm32f10x_hd.o(.text)
    TIM1_UP_IRQHandler                       0x080001ef   Thumb Code     0  startup_stm32f10x_hd.o(.text)
    TIM2_IRQHandler                          0x080001ef   Thumb Code     0  startup_stm32f10x_hd.o(.text)
    TIM3_IRQHandler                          0x080001ef   Thumb Code     0  startup_stm32f10x_hd.o(.text)
    TIM4_IRQHandler                          0x080001ef   Thumb Code     0  startup_stm32f10x_hd.o(.text)
    TIM5_IRQHandler                          0x080001ef   Thumb Code     0  startup_stm32f10x_hd.o(.text)
    TIM6_IRQHandler                          0x080001ef   Thumb Code     0  startup_stm32f10x_hd.o(.text)
    TIM7_IRQHandler                          0x080001ef   Thumb Code     0  startup_stm32f10x_hd.o(.text)
    TIM8_BRK_IRQHandler                      0x080001ef   Thumb Code     0  startup_stm32f10x_hd.o(.text)
    TIM8_CC_IRQHandler                       0x080001ef   Thumb Code     0  startup_stm32f10x_hd.o(.text)
    TIM8_TRG_COM_IRQHandler                  0x080001ef   Thumb Code     0  startup_stm32f10x_hd.o(.text)
    TIM8_UP_IRQHandler                       0x080001ef   Thumb Code     0  startup_stm32f10x_hd.o(.text)
    UART4_IRQHandler                         0x080001ef   Thumb Code     0  startup_stm32f10x_hd.o(.text)
    UART5_IRQHandler                         0x080001ef   Thumb Code     0  startup_stm32f10x_hd.o(.text)
    USART2_IRQHandler                        0x080001ef   Thumb Code     0  startup_stm32f10x_hd.o(.text)
    USART3_IRQHandler                        0x080001ef   Thumb Code     0  startup_stm32f10x_hd.o(.text)
    USBWakeUp_IRQHandler                     0x080001ef   Thumb Code     0  startup_stm32f10x_hd.o(.text)
    USB_HP_CAN1_TX_IRQHandler                0x080001ef   Thumb Code     0  startup_stm32f10x_hd.o(.text)
    USB_LP_CAN1_RX0_IRQHandler               0x080001ef   Thumb Code     0  startup_stm32f10x_hd.o(.text)
    WWDG_IRQHandler                          0x080001ef   Thumb Code     0  startup_stm32f10x_hd.o(.text)
    __user_initial_stackheap                 0x080001f1   Thumb Code     0  startup_stm32f10x_hd.o(.text)
    __use_no_semihosting                     0x08000215   Thumb Code     2  use_no_semi_2.o(.text)
    __2printf                                0x08000219   Thumb Code    20  noretval__2printf.o(.text)
    __printf                                 0x08000231   Thumb Code   104  __printf.o(.text)
    _printf_int_hex                          0x08000299   Thumb Code    84  _printf_hex_int.o(.text)
    _printf_longlong_hex                     0x08000299   Thumb Code     0  _printf_hex_int.o(.text)
    __aeabi_memcpy                           0x080002f1   Thumb Code     0  rt_memcpy_v6.o(.text)
    __rt_memcpy                              0x080002f1   Thumb Code   138  rt_memcpy_v6.o(.text)
    _memcpy_lastbytes                        0x08000357   Thumb Code     0  rt_memcpy_v6.o(.text)
    __use_two_region_memory                  0x0800037b   Thumb Code     2  heapauxi.o(.text)
    __rt_heap_escrow$2region                 0x0800037d   Thumb Code     2  heapauxi.o(.text)
    __rt_heap_expand$2region                 0x0800037f   Thumb Code     2  heapauxi.o(.text)
    __I$use$semihosting                      0x08000381   Thumb Code     0  use_no_semi.o(.text)
    __use_no_semihosting_swi                 0x08000381   Thumb Code     2  use_no_semi.o(.text)
    _printf_int_common                       0x08000383   Thumb Code   178  _printf_intcommon.o(.text)
    _printf_char_file                        0x08000435   Thumb Code    32  _printf_char_file.o(.text)
    __aeabi_memcpy4                          0x08000459   Thumb Code     0  rt_memcpy_w.o(.text)
    __aeabi_memcpy8                          0x08000459   Thumb Code     0  rt_memcpy_w.o(.text)
    __rt_memcpy_w                            0x08000459   Thumb Code   100  rt_memcpy_w.o(.text)
    _memcpy_lastbytes_aligned                0x080004a1   Thumb Code     0  rt_memcpy_w.o(.text)
    _printf_char_common                      0x080004c7   Thumb Code    32  _printf_char_common.o(.text)
    ferror                                   0x080004ed   Thumb Code     8  ferror.o(.text)
    __user_setup_stackheap                   0x080004f5   Thumb Code    74  sys_stackheap_outer.o(.text)
    exit                                     0x0800053f   Thumb Code    12  exit.o(.text)
    __user_libspace                          0x0800054d   Thumb Code     8  libspace.o(.text)
    __user_perproc_libspace                  0x0800054d   Thumb Code     0  libspace.o(.text)
    __user_perthread_libspace                0x0800054d   Thumb Code     0  libspace.o(.text)
    BusFault_Handler                         0x08000555   Thumb Code     4  stm32f10x_it.o(i.BusFault_Handler)
    CmdError                                 0x08000559   Thumb Code    48  sdio_sdcard.o(i.CmdError)
    CmdResp1Error                            0x08000589   Thumb Code    90  sdio_sdcard.o(i.CmdResp1Error)
    CmdResp2Error                            0x080005e9   Thumb Code    80  sdio_sdcard.o(i.CmdResp2Error)
    CmdResp3Error                            0x0800063d   Thumb Code    50  sdio_sdcard.o(i.CmdResp3Error)
    CmdResp6Error                            0x08000675   Thumb Code   140  sdio_sdcard.o(i.CmdResp6Error)
    CmdResp7Error                            0x08000705   Thumb Code    70  sdio_sdcard.o(i.CmdResp7Error)
    DMA_Cmd                                  0x08000751   Thumb Code    22  stm32f10x_dma.o(i.DMA_Cmd)
    DMA_DeInit                               0x08000769   Thumb Code   306  stm32f10x_dma.o(i.DMA_DeInit)
    DMA_Init                                 0x080008ad   Thumb Code    60  stm32f10x_dma.o(i.DMA_Init)
    DebugMon_Handler                         0x080008e9   Thumb Code     2  stm32f10x_it.o(i.DebugMon_Handler)
    FindSCR                                  0x080008ed   Thumb Code   386  sdio_sdcard.o(i.FindSCR)
    GPIO_Init                                0x08000a81   Thumb Code   278  stm32f10x_gpio.o(i.GPIO_Init)
    GPIO_ResetBits                           0x08000b97   Thumb Code     4  stm32f10x_gpio.o(i.GPIO_ResetBits)
    GPIO_SetBits                             0x08000b9b   Thumb Code     4  stm32f10x_gpio.o(i.GPIO_SetBits)
    HardFault_Handler                        0x08000b9f   Thumb Code     4  stm32f10x_it.o(i.HardFault_Handler)
    I2C_CheckEvent                           0x08000ba3   Thumb Code    38  stm32f10x_i2c.o(i.I2C_CheckEvent)
    I2C_Cmd                                  0x08000bc9   Thumb Code    24  stm32f10x_i2c.o(i.I2C_Cmd)
    I2C_Configuration                        0x08000be1   Thumb Code   110  oled_i2c.o(i.I2C_Configuration)
    I2C_DeInit                               0x08000c5d   Thumb Code    64  stm32f10x_i2c.o(i.I2C_DeInit)
    I2C_GenerateSTART                        0x08000ca1   Thumb Code    24  stm32f10x_i2c.o(i.I2C_GenerateSTART)
    I2C_GenerateSTOP                         0x08000cb9   Thumb Code    24  stm32f10x_i2c.o(i.I2C_GenerateSTOP)
    I2C_GetFlagStatus                        0x08000cd1   Thumb Code    58  stm32f10x_i2c.o(i.I2C_GetFlagStatus)
    I2C_Init                                 0x08000d0d   Thumb Code   222  stm32f10x_i2c.o(i.I2C_Init)
    I2C_Send7bitAddress                      0x08000df9   Thumb Code    18  stm32f10x_i2c.o(i.I2C_Send7bitAddress)
    I2C_SendData                             0x08000e0b   Thumb Code     4  stm32f10x_i2c.o(i.I2C_SendData)
    I2C_WriteByte                            0x08000e11   Thumb Code   126  oled_i2c.o(i.I2C_WriteByte)
    INTX_DISABLE                             0x08000e9d   Thumb Code     4  sys.o(i.INTX_DISABLE)
    INTX_ENABLE                              0x08000ea1   Thumb Code     4  sys.o(i.INTX_ENABLE)
    IsCardProgramming                        0x08000ea5   Thumb Code   142  sdio_sdcard.o(i.IsCardProgramming)
    MemManage_Handler                        0x08000f41   Thumb Code     4  stm32f10x_it.o(i.MemManage_Handler)
    NMI_Handler                              0x08000f45   Thumb Code     2  stm32f10x_it.o(i.NMI_Handler)
    NVIC_Init                                0x08000f49   Thumb Code   100  misc.o(i.NVIC_Init)
    NVIC_PriorityGroupConfig                 0x08000fb9   Thumb Code    10  misc.o(i.NVIC_PriorityGroupConfig)
    OLED_DrawBMP                             0x08000fcd   Thumb Code   116  oled_i2c.o(i.OLED_DrawBMP)
    OLED_Fill                                0x08001041   Thumb Code    58  oled_i2c.o(i.OLED_Fill)
    OLED_Init                                0x0800107b   Thumb Code   180  oled_i2c.o(i.OLED_Init)
    OLED_SetPos                              0x0800112f   Thumb Code    40  oled_i2c.o(i.OLED_SetPos)
    PendSV_Handler                           0x08001157   Thumb Code     2  stm32f10x_it.o(i.PendSV_Handler)
    RCC_AHBPeriphClockCmd                    0x08001159   Thumb Code    26  stm32f10x_rcc.o(i.RCC_AHBPeriphClockCmd)
    RCC_APB1PeriphClockCmd                   0x08001179   Thumb Code    26  stm32f10x_rcc.o(i.RCC_APB1PeriphClockCmd)
    RCC_APB1PeriphResetCmd                   0x08001199   Thumb Code    26  stm32f10x_rcc.o(i.RCC_APB1PeriphResetCmd)
    RCC_APB2PeriphClockCmd                   0x080011b9   Thumb Code    26  stm32f10x_rcc.o(i.RCC_APB2PeriphClockCmd)
    RCC_GetClocksFreq                        0x080011d9   Thumb Code   192  stm32f10x_rcc.o(i.RCC_GetClocksFreq)
    RTC_ClearITPendingBit                    0x080012ad   Thumb Code    12  stm32f10x_rtc.o(i.RTC_ClearITPendingBit)
    RTC_EnterConfigMode                      0x080012bd   Thumb Code    14  stm32f10x_rtc.o(i.RTC_EnterConfigMode)
    RTC_ExitConfigMode                       0x080012d1   Thumb Code    16  stm32f10x_rtc.o(i.RTC_ExitConfigMode)
    RTC_GetCounter                           0x080012e5   Thumb Code    16  stm32f10x_rtc.o(i.RTC_GetCounter)
    RTC_GetITStatus                          0x080012f9   Thumb Code    32  stm32f10x_rtc.o(i.RTC_GetITStatus)
    RTC_IRQHandler                           0x0800131d   Thumb Code    90  stm32f10x_it.o(i.RTC_IRQHandler)
    RTC_SetCounter                           0x08001385   Thumb Code    24  stm32f10x_rtc.o(i.RTC_SetCounter)
    RTC_WaitForLastTask                      0x080013a1   Thumb Code    16  stm32f10x_rtc.o(i.RTC_WaitForLastTask)
    SDEnWideBus                              0x080013b5   Thumb Code   158  sdio_sdcard.o(i.SDEnWideBus)
    SDIO_ClearFlag                           0x08001461   Thumb Code     6  stm32f10x_sdio.o(i.SDIO_ClearFlag)
    SDIO_ClockCmd                            0x0800146d   Thumb Code     6  stm32f10x_sdio.o(i.SDIO_ClockCmd)
    SDIO_Clock_Set                           0x08001479   Thumb Code    16  sdio_sdcard.o(i.SDIO_Clock_Set)
    SDIO_DMACmd                              0x0800148d   Thumb Code     6  stm32f10x_sdio.o(i.SDIO_DMACmd)
    SDIO_DataConfig                          0x08001499   Thumb Code    42  stm32f10x_sdio.o(i.SDIO_DataConfig)
    SDIO_DeInit                              0x080014c9   Thumb Code    28  stm32f10x_sdio.o(i.SDIO_DeInit)
    SDIO_GetFlagStatus                       0x080014ed   Thumb Code    20  stm32f10x_sdio.o(i.SDIO_GetFlagStatus)
    SDIO_GetPowerState                       0x08001505   Thumb Code    10  stm32f10x_sdio.o(i.SDIO_GetPowerState)
    SDIO_IRQHandler                          0x08001515   Thumb Code     8  sdio_sdcard.o(i.SDIO_IRQHandler)
    SDIO_Init                                0x0800151d   Thumb Code    42  stm32f10x_sdio.o(i.SDIO_Init)
    SDIO_ReadData                            0x0800154d   Thumb Code     6  stm32f10x_sdio.o(i.SDIO_ReadData)
    SDIO_SendCommand                         0x08001559   Thumb Code    38  stm32f10x_sdio.o(i.SDIO_SendCommand)
    SDIO_SetPowerState                       0x08001585   Thumb Code    22  stm32f10x_sdio.o(i.SDIO_SetPowerState)
    SDIO_WriteData                           0x080015a1   Thumb Code     6  stm32f10x_sdio.o(i.SDIO_WriteData)
    SD_DMA_Config                            0x080015ad   Thumb Code    94  sdio_sdcard.o(i.SD_DMA_Config)
    SD_EnableWideBusOperation                0x08001615   Thumb Code    94  sdio_sdcard.o(i.SD_EnableWideBusOperation)
    SD_GetCardInfo                           0x0800167d   Thumb Code   772  sdio_sdcard.o(i.SD_GetCardInfo)
    SD_Init                                  0x08001991   Thumb Code   238  sdio_sdcard.o(i.SD_Init)
    SD_InitializeCards                       0x08001a91   Thumb Code   316  sdio_sdcard.o(i.SD_InitializeCards)
    SD_PowerON                               0x08001be5   Thumb Code   450  sdio_sdcard.o(i.SD_PowerON)
    SD_ProcessIRQSrc                         0x08001dc1   Thumb Code   296  sdio_sdcard.o(i.SD_ProcessIRQSrc)
    SD_ReadBlock                             0x08001efd   Thumb Code   558  sdio_sdcard.o(i.SD_ReadBlock)
    SD_ReadDisk                              0x08002155   Thumb Code   152  sdio_sdcard.o(i.SD_ReadDisk)
    SD_ReadMultiBlocks                       0x080021f5   Thumb Code   698  sdio_sdcard.o(i.SD_ReadMultiBlocks)
    SD_SelectDeselect                        0x080024dd   Thumb Code    42  sdio_sdcard.o(i.SD_SelectDeselect)
    SD_SetDeviceMode                         0x0800250d   Thumb Code    20  sdio_sdcard.o(i.SD_SetDeviceMode)
    SD_WriteBlock                            0x08002525   Thumb Code   844  sdio_sdcard.o(i.SD_WriteBlock)
    SD_WriteDisk                             0x08002899   Thumb Code   152  sdio_sdcard.o(i.SD_WriteDisk)
    SD_WriteMultiBlocks                      0x08002939   Thumb Code   920  sdio_sdcard.o(i.SD_WriteMultiBlocks)
    SPI2_Init                                0x08002cf9   Thumb Code   140  spi.o(i.SPI2_Init)
    SPI2_ReadWriteByte                       0x08002d8d   Thumb Code    78  spi.o(i.SPI2_ReadWriteByte)
    SPI2_SetSpeed                            0x08002de1   Thumb Code    36  spi.o(i.SPI2_SetSpeed)
    SPI_Cmd                                  0x08002e09   Thumb Code    24  stm32f10x_spi.o(i.SPI_Cmd)
    SPI_I2S_GetFlagStatus                    0x08002e21   Thumb Code    18  stm32f10x_spi.o(i.SPI_I2S_GetFlagStatus)
    SPI_I2S_ReceiveData                      0x08002e33   Thumb Code     6  stm32f10x_spi.o(i.SPI_I2S_ReceiveData)
    SPI_I2S_SendData                         0x08002e39   Thumb Code     4  stm32f10x_spi.o(i.SPI_I2S_SendData)
    SPI_Init                                 0x08002e3d   Thumb Code    60  stm32f10x_spi.o(i.SPI_Init)
    SVC_Handler                              0x08002e79   Thumb Code     2  stm32f10x_it.o(i.SVC_Handler)
    SysTick_Handler                          0x08002f69   Thumb Code     2  stm32f10x_it.o(i.SysTick_Handler)
    SystemInit                               0x08002f6d   Thumb Code    68  system_stm32f10x.o(i.SystemInit)
    USART1_IRQHandler                        0x08002fbd   Thumb Code   118  usart.o(i.USART1_IRQHandler)
    UsageFault_Handler                       0x08003041   Thumb Code     4  stm32f10x_it.o(i.UsageFault_Handler)
    W25QXX_Erase_Sector                      0x08003045   Thumb Code    70  w25qxx.o(i.W25QXX_Erase_Sector)
    W25QXX_Init                              0x0800309d   Thumb Code    74  w25qxx.o(i.W25QXX_Init)
    W25QXX_Read                              0x080030f5   Thumb Code    74  w25qxx.o(i.W25QXX_Read)
    W25QXX_ReadID                            0x08003145   Thumb Code    64  w25qxx.o(i.W25QXX_ReadID)
    W25QXX_ReadSR                            0x0800318d   Thumb Code    36  w25qxx.o(i.W25QXX_ReadSR)
    W25QXX_Wait_Busy                         0x080031b9   Thumb Code    18  w25qxx.o(i.W25QXX_Wait_Busy)
    W25QXX_Write                             0x080031cd   Thumb Code   180  w25qxx.o(i.W25QXX_Write)
    W25QXX_Write_Enable                      0x08003285   Thumb Code    24  w25qxx.o(i.W25QXX_Write_Enable)
    W25QXX_Write_NoCheck                     0x080032a5   Thumb Code    70  w25qxx.o(i.W25QXX_Write_NoCheck)
    W25QXX_Write_Page                        0x080032ed   Thumb Code    80  w25qxx.o(i.W25QXX_Write_Page)
    WriteCmd                                 0x08003341   Thumb Code    14  oled_i2c.o(i.WriteCmd)
    WriteDat                                 0x0800334f   Thumb Code    14  oled_i2c.o(i.WriteDat)
    _sys_exit                                0x0800335d   Thumb Code     6  usart.o(i._sys_exit)
    clust2sect                               0x0800343b   Thumb Code    26  ff.o(i.clust2sect)
    convert_from_bytes_to_power_of_two       0x080034e5   Thumb Code    18  sdio_sdcard.o(i.convert_from_bytes_to_power_of_two)
    delay_init                               0x0800383d   Thumb Code    56  delay.o(i.delay_init)
    delay_ms                                 0x0800387d   Thumb Code    56  delay.o(i.delay_ms)
    dir_sdi                                  0x08003c37   Thumb Code   158  ff.o(i.dir_sdi)
    disk_initialize                          0x08003cd5   Thumb Code    52  diskio.o(i.disk_initialize)
    disk_read                                0x08003d0d   Thumb Code   122  diskio.o(i.disk_read)
    disk_status                              0x08003d87   Thumb Code     6  diskio.o(i.disk_status)
    disk_write                               0x08003d8d   Thumb Code   122  diskio.o(i.disk_write)
    exfuns_init                              0x08003e09   Thumb Code   114  exfuns.o(i.exfuns_init)
    f_mount                                  0x08003e8d   Thumb Code    86  ff.o(i.f_mount)
    f_open                                   0x08003ee9   Thumb Code   384  ff.o(i.f_open)
    f_read                                   0x08004069   Thumb Code   432  ff.o(i.f_read)
    ff_convert                               0x08004219   Thumb Code   116  cc936.o(i.ff_convert)
    ff_memalloc                              0x08004295   Thumb Code    14  diskio.o(i.ff_memalloc)
    ff_memfree                               0x080042a3   Thumb Code    14  diskio.o(i.ff_memfree)
    ff_wtoupper                              0x080042b1   Thumb Code    46  cc936.o(i.ff_wtoupper)
    fputc                                    0x0800478d   Thumb Code    24  usart.o(i.fputc)
    get_fat                                  0x08004875   Thumb Code   242  ff.o(i.get_fat)
    get_fattime                              0x08004967   Thumb Code     4  diskio.o(i.get_fattime)
    main                                     0x080049d5   Thumb Code   136  main.o(i.main)
    my_mem_free                              0x08004b35   Thumb Code    96  malloc.o(i.my_mem_free)
    my_mem_init                              0x08004ba1   Thumb Code    54  malloc.o(i.my_mem_init)
    my_mem_malloc                            0x08004be5   Thumb Code   156  malloc.o(i.my_mem_malloc)
    my_mem_perused                           0x08004c8d   Thumb Code    54  malloc.o(i.my_mem_perused)
    myfree                                   0x08004ccd   Thumb Code    30  malloc.o(i.myfree)
    mymalloc                                 0x08004cf1   Thumb Code    34  malloc.o(i.mymalloc)
    mymemset                                 0x08004d19   Thumb Code    20  malloc.o(i.mymemset)
    put_fat                                  0x08004d2d   Thumb Code   322  ff.o(i.put_fat)
    memtblsize                               0x0802fc94   Data           8  malloc.o(.constdata)
    memblksize                               0x0802fc9c   Data           8  malloc.o(.constdata)
    memsize                                  0x0802fca4   Data           8  malloc.o(.constdata)
    Region$$Table$$Base                      0x0802fcd4   Number         0  anon$$obj.o(Region$$Table)
    Region$$Table$$Limit                     0x0802fcf4   Number         0  anon$$obj.o(Region$$Table)
    res                                      0x20000000   Data           1  main.o(.data)
    bww                                      0x20000004   Data           4  main.o(.data)
    xin                                      0x20000008   Data           4  main.o(.data)
    yin                                      0x2000000c   Data           4  main.o(.data)
    __stdout                                 0x20000014   Data           4  usart.o(.data)
    USART_RX_STA                             0x20000018   Data           2  usart.o(.data)
    FLASH_SECTOR_COUNT                       0x2000001a   Data           2  diskio.o(.data)
    fs                                       0x20000028   Data           8  exfuns.o(.data)
    file                                     0x20000030   Data           4  exfuns.o(.data)
    ftemp                                    0x20000034   Data           4  exfuns.o(.data)
    br                                       0x20000038   Data           4  exfuns.o(.data)
    bw                                       0x2000003c   Data           4  exfuns.o(.data)
    fatbuf                                   0x20000040   Data           4  exfuns.o(.data)
    TransferError                            0x2000004e   Data           1  sdio_sdcard.o(.data)
    TransferEnd                              0x2000004f   Data           1  sdio_sdcard.o(.data)
    tempbuff                                 0x20000050   Data           4  sdio_sdcard.o(.data)
    mallco_dev                               0x20000054   Data          28  malloc.o(.data)
    W25QXX_TYPE                              0x20000070   Data           2  w25qxx.o(.data)
    LedStatus                                0x20000072   Data           1  stm32f10x_it.o(.data)
    fil                                      0x20000088   Data         552  main.o(.bss)
    bmp                                      0x200002b0   Data         504  main.o(.bss)
    USART_RX_BUF                             0x200004a8   Data         200  usart.o(.bss)
    SDIO_InitStructure                       0x20000570   Data          24  sdio_sdcard.o(.bss)
    SDIO_CmdInitStructure                    0x20000588   Data          20  sdio_sdcard.o(.bss)
    SDIO_DataInitStructure                   0x2000059c   Data          24  sdio_sdcard.o(.bss)
    SDCardInfo                               0x200005d8   Data          88  sdio_sdcard.o(.bss)
    SDIO_DATA_BUFFER                         0x20000630   Data         512  sdio_sdcard.o(.bss)
    mem1base                                 0x20000840   Data       40960  malloc.o(.bss)
    mem1mapbase                              0x2000a840   Data        2560  malloc.o(.bss)
    W25QXX_BUFFER                            0x2000b240   Data        4096  w25qxx.o(.bss)
    __libspace_start                         0x2000c240   Data          96  libspace.o(.bss)
    __temporary_stack_top$libspace           0x2000c2a0   Data           0  libspace.o(.bss)
    mem2base                                 0x68000000   Data       983040  malloc.o(.ARM.__AT_0x68000000)
    mem2mapbase                              0x680f0000   Data       61440  malloc.o(.ARM.__AT_0x680F0000)



==============================================================================

Memory Map of the image

  Image Entry point : 0x080001d5

  Load Region LR_1 (Base: 0x08000000, Size: 0x0002fd7c, Max: 0xffffffff, ABSOLUTE)

    Execution Region ER_RO (Base: 0x08000000, Size: 0x0002fcf4, Max: 0xffffffff, ABSOLUTE)

    Base Addr    Size         Type   Attr      Idx    E Section Name        Object

    0x08000000   0x00000130   Data   RO         4211    RESET               startup_stm32f10x_hd.o
    0x08000130   0x00000008   Code   RO         4279  * !!!main             c_w.l(__main.o)
    0x08000138   0x00000034   Code   RO         4487    !!!scatter          c_w.l(__scatter.o)
    0x0800016c   0x0000001a   Code   RO         4489    !!handler_copy      c_w.l(__scatter_copy.o)
    0x08000186   0x00000002   PAD
    0x08000188   0x0000001c   Code   RO         4491    !!handler_zi        c_w.l(__scatter_zi.o)
    0x080001a4   0x00000000   Code   RO         4270    .ARM.Collect$$_printf_percent$$00000000  c_w.l(_printf_percent.o)
    0x080001a4   0x00000006   Code   RO         4269    .ARM.Collect$$_printf_percent$$0000000C  c_w.l(_printf_x.o)
    0x080001aa   0x00000004   Code   RO         4312    .ARM.Collect$$_printf_percent$$00000017  c_w.l(_printf_percent_end.o)
    0x080001ae   0x00000002   Code   RO         4358    .ARM.Collect$$libinit$$00000000  c_w.l(libinit.o)
    0x080001b0   0x00000000   Code   RO         4369    .ARM.Collect$$libinit$$00000002  c_w.l(libinit2.o)
    0x080001b0   0x00000000   Code   RO         4371    .ARM.Collect$$libinit$$00000004  c_w.l(libinit2.o)
    0x080001b0   0x00000000   Code   RO         4374    .ARM.Collect$$libinit$$0000000A  c_w.l(libinit2.o)
    0x080001b0   0x00000000   Code   RO         4376    .ARM.Collect$$libinit$$0000000C  c_w.l(libinit2.o)
    0x080001b0   0x00000000   Code   RO         4378    .ARM.Collect$$libinit$$0000000E  c_w.l(libinit2.o)
    0x080001b0   0x00000000   Code   RO         4381    .ARM.Collect$$libinit$$00000011  c_w.l(libinit2.o)
    0x080001b0   0x00000000   Code   RO         4383    .ARM.Collect$$libinit$$00000013  c_w.l(libinit2.o)
    0x080001b0   0x00000000   Code   RO         4385    .ARM.Collect$$libinit$$00000015  c_w.l(libinit2.o)
    0x080001b0   0x00000000   Code   RO         4387    .ARM.Collect$$libinit$$00000017  c_w.l(libinit2.o)
    0x080001b0   0x00000000   Code   RO         4389    .ARM.Collect$$libinit$$00000019  c_w.l(libinit2.o)
    0x080001b0   0x00000000   Code   RO         4391    .ARM.Collect$$libinit$$0000001B  c_w.l(libinit2.o)
    0x080001b0   0x00000000   Code   RO         4393    .ARM.Collect$$libinit$$0000001D  c_w.l(libinit2.o)
    0x080001b0   0x00000000   Code   RO         4395    .ARM.Collect$$libinit$$0000001F  c_w.l(libinit2.o)
    0x080001b0   0x00000000   Code   RO         4397    .ARM.Collect$$libinit$$00000021  c_w.l(libinit2.o)
    0x080001b0   0x00000000   Code   RO         4399    .ARM.Collect$$libinit$$00000023  c_w.l(libinit2.o)
    0x080001b0   0x00000000   Code   RO         4401    .ARM.Collect$$libinit$$00000025  c_w.l(libinit2.o)
    0x080001b0   0x00000000   Code   RO         4405    .ARM.Collect$$libinit$$0000002C  c_w.l(libinit2.o)
    0x080001b0   0x00000000   Code   RO         4407    .ARM.Collect$$libinit$$0000002E  c_w.l(libinit2.o)
    0x080001b0   0x00000000   Code   RO         4409    .ARM.Collect$$libinit$$00000030  c_w.l(libinit2.o)
    0x080001b0   0x00000000   Code   RO         4411    .ARM.Collect$$libinit$$00000032  c_w.l(libinit2.o)
    0x080001b0   0x00000002   Code   RO         4412    .ARM.Collect$$libinit$$00000033  c_w.l(libinit2.o)
    0x080001b2   0x00000002   Code   RO         4440    .ARM.Collect$$libshutdown$$00000000  c_w.l(libshutdown.o)
    0x080001b4   0x00000000   Code   RO         4455    .ARM.Collect$$libshutdown$$00000003  c_w.l(libshutdown2.o)
    0x080001b4   0x00000000   Code   RO         4458    .ARM.Collect$$libshutdown$$00000006  c_w.l(libshutdown2.o)
    0x080001b4   0x00000000   Code   RO         4461    .ARM.Collect$$libshutdown$$00000009  c_w.l(libshutdown2.o)
    0x080001b4   0x00000000   Code   RO         4463    .ARM.Collect$$libshutdown$$0000000B  c_w.l(libshutdown2.o)
    0x080001b4   0x00000000   Code   RO         4466    .ARM.Collect$$libshutdown$$0000000E  c_w.l(libshutdown2.o)
    0x080001b4   0x00000002   Code   RO         4467    .ARM.Collect$$libshutdown$$0000000F  c_w.l(libshutdown2.o)
    0x080001b6   0x00000000   Code   RO         4305    .ARM.Collect$$rtentry$$00000000  c_w.l(__rtentry.o)
    0x080001b6   0x00000000   Code   RO         4321    .ARM.Collect$$rtentry$$00000002  c_w.l(__rtentry2.o)
    0x080001b6   0x00000006   Code   RO         4333    .ARM.Collect$$rtentry$$00000004  c_w.l(__rtentry4.o)
    0x080001bc   0x00000000   Code   RO         4323    .ARM.Collect$$rtentry$$00000009  c_w.l(__rtentry2.o)
    0x080001bc   0x00000004   Code   RO         4324    .ARM.Collect$$rtentry$$0000000A  c_w.l(__rtentry2.o)
    0x080001c0   0x00000000   Code   RO         4326    .ARM.Collect$$rtentry$$0000000C  c_w.l(__rtentry2.o)
    0x080001c0   0x00000008   Code   RO         4327    .ARM.Collect$$rtentry$$0000000D  c_w.l(__rtentry2.o)
    0x080001c8   0x00000002   Code   RO         4362    .ARM.Collect$$rtexit$$00000000  c_w.l(rtexit.o)
    0x080001ca   0x00000000   Code   RO         4414    .ARM.Collect$$rtexit$$00000002  c_w.l(rtexit2.o)
    0x080001ca   0x00000004   Code   RO         4415    .ARM.Collect$$rtexit$$00000003  c_w.l(rtexit2.o)
    0x080001ce   0x00000006   Code   RO         4416    .ARM.Collect$$rtexit$$00000004  c_w.l(rtexit2.o)
    0x080001d4   0x00000040   Code   RO         4212  * .text               startup_stm32f10x_hd.o
    0x08000214   0x00000002   Code   RO         4218    .text               c_w.l(use_no_semi_2.o)
    0x08000216   0x00000002   PAD
    0x08000218   0x00000018   Code   RO         4224    .text               c_w.l(noretval__2printf.o)
    0x08000230   0x00000068   Code   RO         4226    .text               c_w.l(__printf.o)
    0x08000298   0x00000058   Code   RO         4231    .text               c_w.l(_printf_hex_int.o)
    0x080002f0   0x0000008a   Code   RO         4273    .text               c_w.l(rt_memcpy_v6.o)
    0x0800037a   0x00000006   Code   RO         4277    .text               c_w.l(heapauxi.o)
    0x08000380   0x00000002   Code   RO         4303    .text               c_w.l(use_no_semi.o)
    0x08000382   0x000000b2   Code   RO         4308    .text               c_w.l(_printf_intcommon.o)
    0x08000434   0x00000024   Code   RO         4310    .text               c_w.l(_printf_char_file.o)
    0x08000458   0x00000064   Code   RO         4313    .text               c_w.l(rt_memcpy_w.o)
    0x080004bc   0x00000030   Code   RO         4339    .text               c_w.l(_printf_char_common.o)
    0x080004ec   0x00000008   Code   RO         4341    .text               c_w.l(ferror.o)
    0x080004f4   0x0000004a   Code   RO         4345    .text               c_w.l(sys_stackheap_outer.o)
    0x0800053e   0x0000000c   Code   RO         4351    .text               c_w.l(exit.o)
    0x0800054a   0x00000002   PAD
    0x0800054c   0x00000008   Code   RO         4359    .text               c_w.l(libspace.o)
    0x08000554   0x00000004   Code   RO         1241    i.BusFault_Handler  stm32f10x_it.o
    0x08000558   0x00000030   Code   RO          833    i.CmdError          sdio_sdcard.o
    0x08000588   0x00000060   Code   RO          834    i.CmdResp1Error     sdio_sdcard.o
    0x080005e8   0x00000054   Code   RO          835    i.CmdResp2Error     sdio_sdcard.o
    0x0800063c   0x00000038   Code   RO          836    i.CmdResp3Error     sdio_sdcard.o
    0x08000674   0x00000090   Code   RO          837    i.CmdResp6Error     sdio_sdcard.o
    0x08000704   0x0000004c   Code   RO          838    i.CmdResp7Error     sdio_sdcard.o
    0x08000750   0x00000016   Code   RO         1938    i.DMA_Cmd           stm32f10x_dma.o
    0x08000766   0x00000002   PAD
    0x08000768   0x00000144   Code   RO         1939    i.DMA_DeInit        stm32f10x_dma.o
    0x080008ac   0x0000003c   Code   RO         1944    i.DMA_Init          stm32f10x_dma.o
    0x080008e8   0x00000002   Code   RO         1242    i.DebugMon_Handler  stm32f10x_it.o
    0x080008ea   0x00000002   PAD
    0x080008ec   0x00000194   Code   RO          839    i.FindSCR           sdio_sdcard.o
    0x08000a80   0x00000116   Code   RO         2342    i.GPIO_Init         stm32f10x_gpio.o
    0x08000b96   0x00000004   Code   RO         2349    i.GPIO_ResetBits    stm32f10x_gpio.o
    0x08000b9a   0x00000004   Code   RO         2350    i.GPIO_SetBits      stm32f10x_gpio.o
    0x08000b9e   0x00000004   Code   RO         1243    i.HardFault_Handler  stm32f10x_it.o
    0x08000ba2   0x00000026   Code   RO         2451    i.I2C_CheckEvent    stm32f10x_i2c.o
    0x08000bc8   0x00000018   Code   RO         2454    i.I2C_Cmd           stm32f10x_i2c.o
    0x08000be0   0x0000007c   Code   RO          123    i.I2C_Configuration  oled_i2c.o
    0x08000c5c   0x00000044   Code   RO         2457    i.I2C_DeInit        stm32f10x_i2c.o
    0x08000ca0   0x00000018   Code   RO         2461    i.I2C_GenerateSTART  stm32f10x_i2c.o
    0x08000cb8   0x00000018   Code   RO         2462    i.I2C_GenerateSTOP  stm32f10x_i2c.o
    0x08000cd0   0x0000003a   Code   RO         2463    i.I2C_GetFlagStatus  stm32f10x_i2c.o
    0x08000d0a   0x00000002   PAD
    0x08000d0c   0x000000ec   Code   RO         2468    i.I2C_Init          stm32f10x_i2c.o
    0x08000df8   0x00000012   Code   RO         2474    i.I2C_Send7bitAddress  stm32f10x_i2c.o
    0x08000e0a   0x00000004   Code   RO         2475    i.I2C_SendData      stm32f10x_i2c.o
    0x08000e0e   0x00000002   PAD
    0x08000e10   0x0000008c   Code   RO          124    i.I2C_WriteByte     oled_i2c.o
    0x08000e9c   0x00000004   Code   RO          224    i.INTX_DISABLE      sys.o
    0x08000ea0   0x00000004   Code   RO          225    i.INTX_ENABLE       sys.o
    0x08000ea4   0x0000009c   Code   RO          840    i.IsCardProgramming  sdio_sdcard.o
    0x08000f40   0x00000004   Code   RO         1244    i.MemManage_Handler  stm32f10x_it.o
    0x08000f44   0x00000002   Code   RO         1245    i.NMI_Handler       stm32f10x_it.o
    0x08000f46   0x00000002   PAD
    0x08000f48   0x00000070   Code   RO         1316    i.NVIC_Init         misc.o
    0x08000fb8   0x00000014   Code   RO         1317    i.NVIC_PriorityGroupConfig  misc.o
    0x08000fcc   0x00000074   Code   RO          126    i.OLED_DrawBMP      oled_i2c.o
    0x08001040   0x0000003a   Code   RO          127    i.OLED_Fill         oled_i2c.o
    0x0800107a   0x000000b4   Code   RO          128    i.OLED_Init         oled_i2c.o
    0x0800112e   0x00000028   Code   RO          131    i.OLED_SetPos       oled_i2c.o
    0x08001156   0x00000002   Code   RO         1246    i.PendSV_Handler    stm32f10x_it.o
    0x08001158   0x00000020   Code   RO         2758    i.RCC_AHBPeriphClockCmd  stm32f10x_rcc.o
    0x08001178   0x00000020   Code   RO         2759    i.RCC_APB1PeriphClockCmd  stm32f10x_rcc.o
    0x08001198   0x00000020   Code   RO         2760    i.RCC_APB1PeriphResetCmd  stm32f10x_rcc.o
    0x080011b8   0x00000020   Code   RO         2761    i.RCC_APB2PeriphClockCmd  stm32f10x_rcc.o
    0x080011d8   0x000000d4   Code   RO         2769    i.RCC_GetClocksFreq  stm32f10x_rcc.o
    0x080012ac   0x00000010   Code   RO         2964    i.RTC_ClearITPendingBit  stm32f10x_rtc.o
    0x080012bc   0x00000014   Code   RO         2965    i.RTC_EnterConfigMode  stm32f10x_rtc.o
    0x080012d0   0x00000014   Code   RO         2966    i.RTC_ExitConfigMode  stm32f10x_rtc.o
    0x080012e4   0x00000014   Code   RO         2967    i.RTC_GetCounter    stm32f10x_rtc.o
    0x080012f8   0x00000024   Code   RO         2970    i.RTC_GetITStatus   stm32f10x_rtc.o
    0x0800131c   0x00000068   Code   RO         1247    i.RTC_IRQHandler    stm32f10x_it.o
    0x08001384   0x0000001c   Code   RO         2973    i.RTC_SetCounter    stm32f10x_rtc.o
    0x080013a0   0x00000014   Code   RO         2975    i.RTC_WaitForLastTask  stm32f10x_rtc.o
    0x080013b4   0x000000ac   Code   RO          841    i.SDEnWideBus       sdio_sdcard.o
    0x08001460   0x0000000c   Code   RO         3054    i.SDIO_ClearFlag    stm32f10x_sdio.o
    0x0800146c   0x0000000c   Code   RO         3056    i.SDIO_ClockCmd     stm32f10x_sdio.o
    0x08001478   0x00000014   Code   RO          842    i.SDIO_Clock_Set    sdio_sdcard.o
    0x0800148c   0x0000000c   Code   RO         3059    i.SDIO_DMACmd       stm32f10x_sdio.o
    0x08001498   0x00000030   Code   RO         3060    i.SDIO_DataConfig   stm32f10x_sdio.o
    0x080014c8   0x00000024   Code   RO         3062    i.SDIO_DeInit       stm32f10x_sdio.o
    0x080014ec   0x00000018   Code   RO         3066    i.SDIO_GetFlagStatus  stm32f10x_sdio.o
    0x08001504   0x00000010   Code   RO         3068    i.SDIO_GetPowerState  stm32f10x_sdio.o
    0x08001514   0x00000008   Code   RO          843    i.SDIO_IRQHandler   sdio_sdcard.o
    0x0800151c   0x00000030   Code   RO         3071    i.SDIO_Init         stm32f10x_sdio.o
    0x0800154c   0x0000000c   Code   RO         3072    i.SDIO_ReadData     stm32f10x_sdio.o
    0x08001558   0x0000002c   Code   RO         3074    i.SDIO_SendCommand  stm32f10x_sdio.o
    0x08001584   0x0000001c   Code   RO         3076    i.SDIO_SetPowerState  stm32f10x_sdio.o
    0x080015a0   0x0000000c   Code   RO         3082    i.SDIO_WriteData    stm32f10x_sdio.o
    0x080015ac   0x00000068   Code   RO          844    i.SD_DMA_Config     sdio_sdcard.o
    0x08001614   0x00000068   Code   RO          845    i.SD_EnableWideBusOperation  sdio_sdcard.o
    0x0800167c   0x00000314   Code   RO          846    i.SD_GetCardInfo    sdio_sdcard.o
    0x08001990   0x00000100   Code   RO          848    i.SD_Init           sdio_sdcard.o
    0x08001a90   0x00000154   Code   RO          849    i.SD_InitializeCards  sdio_sdcard.o
    0x08001be4   0x000001dc   Code   RO          851    i.SD_PowerON        sdio_sdcard.o
    0x08001dc0   0x0000013c   Code   RO          852    i.SD_ProcessIRQSrc  sdio_sdcard.o
    0x08001efc   0x00000258   Code   RO          853    i.SD_ReadBlock      sdio_sdcard.o
    0x08002154   0x000000a0   Code   RO          854    i.SD_ReadDisk       sdio_sdcard.o
    0x080021f4   0x000002e8   Code   RO          855    i.SD_ReadMultiBlocks  sdio_sdcard.o
    0x080024dc   0x00000030   Code   RO          856    i.SD_SelectDeselect  sdio_sdcard.o
    0x0800250c   0x00000018   Code   RO          858    i.SD_SetDeviceMode  sdio_sdcard.o
    0x08002524   0x00000374   Code   RO          859    i.SD_WriteBlock     sdio_sdcard.o
    0x08002898   0x000000a0   Code   RO          860    i.SD_WriteDisk      sdio_sdcard.o
    0x08002938   0x000003c0   Code   RO          861    i.SD_WriteMultiBlocks  sdio_sdcard.o
    0x08002cf8   0x00000094   Code   RO         1208    i.SPI2_Init         spi.o
    0x08002d8c   0x00000054   Code   RO         1209    i.SPI2_ReadWriteByte  spi.o
    0x08002de0   0x00000028   Code   RO         1210    i.SPI2_SetSpeed     spi.o
    0x08002e08   0x00000018   Code   RO         3247    i.SPI_Cmd           stm32f10x_spi.o
    0x08002e20   0x00000012   Code   RO         3255    i.SPI_I2S_GetFlagStatus  stm32f10x_spi.o
    0x08002e32   0x00000006   Code   RO         3258    i.SPI_I2S_ReceiveData  stm32f10x_spi.o
    0x08002e38   0x00000004   Code   RO         3259    i.SPI_I2S_SendData  stm32f10x_spi.o
    0x08002e3c   0x0000003c   Code   RO         3260    i.SPI_Init          stm32f10x_spi.o
    0x08002e78   0x00000002   Code   RO         1248    i.SVC_Handler       stm32f10x_it.o
    0x08002e7a   0x00000008   Code   RO         4175    i.SetSysClock       system_stm32f10x.o
    0x08002e82   0x00000002   PAD
    0x08002e84   0x000000e4   Code   RO         4176    i.SetSysClockTo72   system_stm32f10x.o
    0x08002f68   0x00000002   Code   RO         1249    i.SysTick_Handler   stm32f10x_it.o
    0x08002f6a   0x00000002   PAD
    0x08002f6c   0x00000050   Code   RO         4177    i.SystemInit        system_stm32f10x.o
    0x08002fbc   0x00000084   Code   RO          305    i.USART1_IRQHandler  usart.o
    0x08003040   0x00000004   Code   RO         1250    i.UsageFault_Handler  stm32f10x_it.o
    0x08003044   0x00000058   Code   RO         1100    i.W25QXX_Erase_Sector  w25qxx.o
    0x0800309c   0x00000058   Code   RO         1101    i.W25QXX_Init       w25qxx.o
    0x080030f4   0x00000050   Code   RO         1103    i.W25QXX_Read       w25qxx.o
    0x08003144   0x00000048   Code   RO         1104    i.W25QXX_ReadID     w25qxx.o
    0x0800318c   0x0000002c   Code   RO         1105    i.W25QXX_ReadSR     w25qxx.o
    0x080031b8   0x00000012   Code   RO         1107    i.W25QXX_Wait_Busy  w25qxx.o
    0x080031ca   0x00000002   PAD
    0x080031cc   0x000000b8   Code   RO         1108    i.W25QXX_Write      w25qxx.o
    0x08003284   0x00000020   Code   RO         1110    i.W25QXX_Write_Enable  w25qxx.o
    0x080032a4   0x00000046   Code   RO         1111    i.W25QXX_Write_NoCheck  w25qxx.o
    0x080032ea   0x00000002   PAD
    0x080032ec   0x00000054   Code   RO         1112    i.W25QXX_Write_Page  w25qxx.o
    0x08003340   0x0000000e   Code   RO          134    i.WriteCmd          oled_i2c.o
    0x0800334e   0x0000000e   Code   RO          135    i.WriteDat          oled_i2c.o
    0x0800335c   0x00000006   Code   RO          306    i._sys_exit         usart.o
    0x08003362   0x00000002   PAD
    0x08003364   0x00000090   Code   RO          414    i.check_fs          ff.o
    0x080033f4   0x00000014   Code   RO          415    i.chk_chr           ff.o
    0x08003408   0x00000032   Code   RO          416    i.clmt_clust        ff.o
    0x0800343a   0x0000001a   Code   RO          417    i.clust2sect        ff.o
    0x08003454   0x00000090   Code   RO          418    i.cmp_lfn           ff.o
    0x080034e4   0x00000012   Code   RO          862    i.convert_from_bytes_to_power_of_two  sdio_sdcard.o
    0x080034f6   0x000000d6   Code   RO          419    i.create_chain      ff.o
    0x080035cc   0x00000270   Code   RO          420    i.create_name       ff.o
    0x0800383c   0x00000040   Code   RO           82    i.delay_init        delay.o
    0x0800387c   0x0000003c   Code   RO           83    i.delay_ms          delay.o
    0x080038b8   0x0000005c   Code   RO          421    i.dir_alloc         ff.o
    0x08003914   0x000000ea   Code   RO          422    i.dir_find          ff.o
    0x080039fe   0x0000010e   Code   RO          423    i.dir_next          ff.o
    0x08003b0c   0x0000012a   Code   RO          425    i.dir_register      ff.o
    0x08003c36   0x0000009e   Code   RO          427    i.dir_sdi           ff.o
    0x08003cd4   0x00000038   Code   RO          346    i.disk_initialize   diskio.o
    0x08003d0c   0x0000007a   Code   RO          348    i.disk_read         diskio.o
    0x08003d86   0x00000006   Code   RO          349    i.disk_status       diskio.o
    0x08003d8c   0x0000007a   Code   RO          350    i.disk_write        diskio.o
    0x08003e06   0x00000002   PAD
    0x08003e08   0x00000084   Code   RO          786    i.exfuns_init       exfuns.o
    0x08003e8c   0x0000005c   Code   RO          437    i.f_mount           ff.o
    0x08003ee8   0x00000180   Code   RO          438    i.f_open            ff.o
    0x08004068   0x000001b0   Code   RO          443    i.f_read            ff.o
    0x08004218   0x0000007c   Code   RO          755    i.ff_convert        cc936.o
    0x08004294   0x0000000e   Code   RO          351    i.ff_memalloc       diskio.o
    0x080042a2   0x0000000e   Code   RO          352    i.ff_memfree        diskio.o
    0x080042b0   0x00000038   Code   RO          756    i.ff_wtoupper       cc936.o
    0x080042e8   0x00000394   Code   RO          453    i.find_volume       ff.o
    0x0800467c   0x00000080   Code   RO          454    i.fit_lfn           ff.o
    0x080046fc   0x00000090   Code   RO          455    i.follow_path       ff.o
    0x0800478c   0x0000001c   Code   RO          307    i.fputc             usart.o
    0x080047a8   0x000000cc   Code   RO          456    i.gen_numname       ff.o
    0x08004874   0x000000f2   Code   RO          457    i.get_fat           ff.o
    0x08004966   0x00000004   Code   RO          353    i.get_fattime       diskio.o
    0x0800496a   0x0000004a   Code   RO          459    i.get_ldnumber      ff.o
    0x080049b4   0x00000020   Code   RO          460    i.ld_clust          ff.o
    0x080049d4   0x000000d8   Code   RO            1    i.main              main.o
    0x08004aac   0x00000026   Code   RO          461    i.mem_cmp           ff.o
    0x08004ad2   0x0000001a   Code   RO          462    i.mem_cpy           ff.o
    0x08004aec   0x00000014   Code   RO          463    i.mem_set           ff.o
    0x08004b00   0x00000034   Code   RO          464    i.move_window       ff.o
    0x08004b34   0x0000006c   Code   RO         1029    i.my_mem_free       malloc.o
    0x08004ba0   0x00000044   Code   RO         1030    i.my_mem_init       malloc.o
    0x08004be4   0x000000a8   Code   RO         1031    i.my_mem_malloc     malloc.o
    0x08004c8c   0x00000040   Code   RO         1032    i.my_mem_perused    malloc.o
    0x08004ccc   0x00000024   Code   RO         1033    i.myfree            malloc.o
    0x08004cf0   0x00000028   Code   RO         1034    i.mymalloc          malloc.o
    0x08004d18   0x00000014   Code   RO         1036    i.mymemset          malloc.o
    0x08004d2c   0x00000142   Code   RO          466    i.put_fat           ff.o
    0x08004e6e   0x0000006c   Code   RO          468    i.remove_chain      ff.o
    0x08004eda   0x00000010   Code   RO          469    i.st_clust          ff.o
    0x08004eea   0x00000020   Code   RO          470    i.sum_sfn           ff.o
    0x08004f0a   0x00000052   Code   RO          472    i.sync_window       ff.o
    0x08004f5c   0x00000036   Code   RO          473    i.validate          ff.o
    0x08004f92   0x0000003a   Data   RO          474    .constdata          ff.o
    0x08004fcc   0x0002acc8   Data   RO          757    .constdata          cc936.o
    0x0802fc94   0x00000018   Data   RO         1041    .constdata          malloc.o
    0x0802fcac   0x00000028   Data   RO         4232    .constdata          c_w.l(_printf_hex_int.o)
    0x0802fcd4   0x00000020   Data   RO         4485    Region$$Table       anon$$obj.o


    Execution Region ER_RW (Base: 0x20000000, Size: 0x00000088, Max: 0xffffffff, ABSOLUTE)

    Base Addr    Size         Type   Attr      Idx    E Section Name        Object

    0x20000000   0x00000010   Data   RW            3    .data               main.o
    0x20000010   0x00000004   Data   RW           85    .data               delay.o
    0x20000014   0x00000006   Data   RW          310    .data               usart.o
    0x2000001a   0x00000002   Data   RW          354    .data               diskio.o
    0x2000001c   0x0000000a   Data   RW          475    .data               ff.o
    0x20000026   0x00000002   PAD
    0x20000028   0x0000001c   Data   RW          791    .data               exfuns.o
    0x20000044   0x00000010   Data   RW          864    .data               sdio_sdcard.o
    0x20000054   0x0000001c   Data   RW         1042    .data               malloc.o
    0x20000070   0x00000002   Data   RW         1115    .data               w25qxx.o
    0x20000072   0x00000001   Data   RW         1251    .data               stm32f10x_it.o
    0x20000073   0x00000014   Data   RW         2789    .data               stm32f10x_rcc.o


    Execution Region ER_ZI (Base: 0x20000088, Size: 0x0000c818, Max: 0xffffffff, ABSOLUTE)

    Base Addr    Size         Type   Attr      Idx    E Section Name        Object

    0x20000088   0x00000420   Zero   RW            2    .bss                main.o
    0x200004a8   0x000000c8   Zero   RW          309    .bss                usart.o
    0x20000570   0x000002c0   Zero   RW          863    .bss                sdio_sdcard.o
    0x20000830   0x00000010   PAD
    0x20000840   0x0000aa00   Zero   RW         1040    .bss                malloc.o
    0x2000b240   0x00001000   Zero   RW         1114    .bss                w25qxx.o
    0x2000c240   0x00000060   Zero   RW         4360    .bss                c_w.l(libspace.o)
    0x2000c2a0   0x00000200   Zero   RW         4210    HEAP                startup_stm32f10x_hd.o
    0x2000c4a0   0x00000400   Zero   RW         4209    STACK               startup_stm32f10x_hd.o



  Load Region LR$$.ARM.__AT_0x68000000 (Base: 0x68000000, Size: 0x00000000, Max: 0x000f0000, ABSOLUTE)

    Execution Region ER$$.ARM.__AT_0x68000000 (Base: 0x68000000, Size: 0x000f0000, Max: 0x000f0000, ABSOLUTE, UNINIT)

    Base Addr    Size         Type   Attr      Idx    E Section Name        Object

    0x68000000   0x000f0000   Zero   RW         1038    .ARM.__AT_0x68000000  malloc.o



  Load Region LR$$.ARM.__AT_0x680F0000 (Base: 0x680f0000, Size: 0x00000000, Max: 0x0000f000, ABSOLUTE)

    Execution Region ER$$.ARM.__AT_0x680F0000 (Base: 0x680f0000, Size: 0x0000f000, Max: 0x0000f000, ABSOLUTE, UNINIT)

    Base Addr    Size         Type   Attr      Idx    E Section Name        Object

    0x680f0000   0x0000f000   Zero   RW         1039    .ARM.__AT_0x680F0000  malloc.o


==============================================================================

Image component sizes


      Code (inc. data)   RO Data    RW Data    ZI Data      Debug   Object Name

       180         18     175304          0          0       2443   cc936.o
       124         12          0          4          0       1124   delay.o
       338          4          0          2          0       5507   diskio.o
       132         18          0         28          0       1558   exfuns.o
      5672         64         58         10          0      29132   ff.o
       216         80          0         16       1056     229549   main.o
       504         60         24         28    1088000       5869   malloc.o
       132         22          0          0          0       3063   misc.o
       686         28          0          0          0      12187   oled_i2c.o
      7246        394          0         16        704      42066   sdio_sdcard.o
       272         18          0          0          0      23649   spi.o
        64         26        304          0       1536        808   startup_stm32f10x_hd.o
       406         18          0          0          0      12710   stm32f10x_dma.o
       286          0          0          0          0       9448   stm32f10x_gpio.o
       494         18          0          0          0      14391   stm32f10x_i2c.o
       130         14          0          1          0       4367   stm32f10x_it.o
       340         44          0         20          0      13631   stm32f10x_rcc.o
       160         30          0          0          0       3253   stm32f10x_rtc.o
       304         72          0          0          0      16666   stm32f10x_sdio.o
       112          0          0          0          0       3378   stm32f10x_spi.o
         8          0          0          0          0        821   sys.o
       316         20          0          0          0       1793   system_stm32f10x.o
       166         18          0          6        200       3268   usart.o
       760         70          0          2       4096       6377   w25qxx.o

    ----------------------------------------------------------------------
     19070       1048     175722        136    1095608     447058   Object Totals
         0          0         32          0          0          0   (incl. Generated)
        22          0          0          3         16          0   (incl. Padding)

    ----------------------------------------------------------------------

      Code (inc. data)   RO Data    RW Data    ZI Data      Debug   Library Member Name

         8          0          0          0          0         68   __main.o
       104          0          0          0          0         84   __printf.o
         0          0          0          0          0          0   __rtentry.o
        12          0          0          0          0          0   __rtentry2.o
         6          0          0          0          0          0   __rtentry4.o
        52          8          0          0          0          0   __scatter.o
        26          0          0          0          0          0   __scatter_copy.o
        28          0          0          0          0          0   __scatter_zi.o
        48          6          0          0          0         96   _printf_char_common.o
        36          4          0          0          0         80   _printf_char_file.o
        88          4         40          0          0         88   _printf_hex_int.o
       178          0          0          0          0         88   _printf_intcommon.o
         0          0          0          0          0          0   _printf_percent.o
         4          0          0          0          0          0   _printf_percent_end.o
         6          0          0          0          0          0   _printf_x.o
        12          0          0          0          0         72   exit.o
         8          0          0          0          0         68   ferror.o
         6          0          0          0          0        152   heapauxi.o
         2          0          0          0          0          0   libinit.o
         2          0          0          0          0          0   libinit2.o
         2          0          0          0          0          0   libshutdown.o
         2          0          0          0          0          0   libshutdown2.o
         8          4          0          0         96         68   libspace.o
        24          4          0          0          0         84   noretval__2printf.o
       138          0          0          0          0         68   rt_memcpy_v6.o
       100          0          0          0          0         80   rt_memcpy_w.o
         2          0          0          0          0          0   rtexit.o
        10          0          0          0          0          0   rtexit2.o
        74          0          0          0          0         80   sys_stackheap_outer.o
         2          0          0          0          0         68   use_no_semi.o
         2          0          0          0          0         68   use_no_semi_2.o

    ----------------------------------------------------------------------
       996         30         40          0         96       1312   Library Totals
         6          0          0          0          0          0   (incl. Padding)

    ----------------------------------------------------------------------

      Code (inc. data)   RO Data    RW Data    ZI Data      Debug   Library Name

       990         30         40          0         96       1312   c_w.l

    ----------------------------------------------------------------------
       996         30         40          0         96       1312   Library Totals

    ----------------------------------------------------------------------

==============================================================================


      Code (inc. data)   RO Data    RW Data    ZI Data      Debug   

     20066       1078     175762        136    1095704     439474   Grand Totals
     20066       1078     175762        136    1095704     439474   ELF Image Totals
     20066       1078     175762        136          0          0   ROM Totals

==============================================================================

    Total RO  Size (Code + RO Data)               195828 ( 191.24kB)
    Total RW  Size (RW Data + ZI Data)           1095840 (1070.16kB)
    Total ROM Size (Code + RO Data + RW Data)     195964 ( 191.37kB)

==============================================================================

